
> dev
> next dev

  ▲ Next.js 14.2.28
  - Local:        http://localhost:3000
  - Environments: .env
  - Experiments (use with caution):
    · outputFileTracingRoot

 ✓ Starting...
 ✓ Ready in 1968ms
(node:33867) [DEP0040] DeprecationWarning: The `punycode` module is deprecated. Please use a userland alternative instead.
(Use `node --trace-deprecation ...` to show where the warning was created)
 ○ Compiling /admin ...
 ✓ Compiled /admin in 9.1s (1296 modules)
 GET /admin 200 in 10341ms
 ✓ Compiled in 1582ms (651 modules)
 ✓ Compiled in 3.4s (1283 modules)
 ○ Compiling /_not-found ...
 ✓ Compiled /_not-found in 972ms (1272 modules)
 GET /_next/static/webpack/400270e509634587.webpack.hot-update.json 404 in 163ms
 GET /admin 404 in 1246ms
 GET /_next/static/css/app/layout.css?v=1773012688461 404 in 22ms
 GET /_next/static/chunks/main-app.js?v=1773012688461 404 in 24ms
 GET /_next/static/chunks/app-pages-internals.js 404 in 30ms
 GET /_next/static/chunks/app/not-found.js 404 in 24ms
 GET /_next/static/chunks/app/layout.js 404 in 25ms
 GET /admin 200 in 104ms
 GET /_next/static/css/app/layout.css?v=1773012691032 404 in 30ms
 GET /_next/static/css/app/admin/page.css?v=1773012691032 404 in 37ms
 GET /_next/static/chunks/main-app.js?v=1773012691032 404 in 85ms
 GET /_next/static/chunks/app-pages-internals.js 404 in 84ms
 GET /_next/static/chunks/app/admin/page.js 404 in 83ms
 GET /_next/static/chunks/app/layout.js 404 in 83ms
 GET /_next/static/chunks/app/not-found.js 404 in 83ms
 GET /admin 200 in 24ms
 GET /_next/static/css/app/layout.css?v=1773012693783 404 in 29ms
 GET /_next/static/css/app/admin/page.css?v=1773012693783 404 in 30ms
 GET /_next/static/chunks/main-app.js?v=1773012693783 404 in 65ms
 GET /_next/static/chunks/app-pages-internals.js 404 in 65ms
 GET /_next/static/chunks/app/admin/page.js 404 in 65ms
 GET /_next/static/chunks/app/layout.js 404 in 65ms
 GET /_next/static/chunks/app/not-found.js 404 in 64ms
 GET /admin 200 in 24ms
 GET /_next/static/css/app/layout.css?v=1773012697529 404 in 28ms
 GET /_next/static/css/app/admin/page.css?v=1773012697529 404 in 26ms
 GET /_next/static/chunks/main-app.js?v=1773012697529 404 in 66ms
 GET /_next/static/chunks/app/admin/page.js 404 in 65ms
 GET /_next/static/chunks/app-pages-internals.js 404 in 66ms
 GET /_next/static/chunks/app/layout.js 404 in 66ms
 GET /_next/static/chunks/app/not-found.js 404 in 66ms
 GET /admin 200 in 25ms
 GET /_next/static/css/app/layout.css?v=1773012697781 404 in 23ms
 GET /_next/static/css/app/admin/page.css?v=1773012697781 404 in 24ms
 GET /_next/static/chunks/main-app.js?v=1773012697781 404 in 67ms
 GET /_next/static/chunks/app-pages-internals.js 404 in 66ms
 GET /_next/static/chunks/app/layout.js 404 in 65ms
 GET /_next/static/chunks/app/admin/page.js 404 in 66ms
 GET /_next/static/chunks/app/not-found.js 404 in 65ms
 GET /admin 200 in 23ms
 GET /_next/static/css/app/layout.css?v=1773012698024 404 in 25ms
 GET /_next/static/css/app/admin/page.css?v=1773012698024 404 in 26ms
 GET /_next/static/chunks/app-pages-internals.js 404 in 58ms
 GET /_next/static/chunks/app/layout.js 404 in 57ms
 GET /_next/static/chunks/app/not-found.js 404 in 57ms
 GET /_next/static/chunks/main-app.js?v=1773012698024 404 in 61ms
 GET /_next/static/chunks/app/admin/page.js 404 in 60ms
 ○ Compiling /_error ...
 ✓ Compiled /_error in 849ms (1499 modules)
 GET /admin 404 in 954ms
 GET /admin 200 in 243ms
 GET /_next/static/css/app/layout.css?v=1773012713923 404 in 48ms
 GET /_next/static/css/app/admin/page.css?v=1773012713923 404 in 47ms
 GET /_next/static/chunks/main-app.js?v=1773012713923 404 in 99ms
 GET /_next/static/chunks/app-pages-internals.js 404 in 97ms
 GET /_next/static/chunks/app/admin/page.js 404 in 99ms
 GET /_next/static/chunks/app/not-found.js 404 in 95ms
 GET /_next/static/chunks/app/layout.js 404 in 98ms
 GET /admin 200 in 26ms
 GET /_next/static/css/app/layout.css?v=1773012718571 404 in 20ms
 GET /_next/static/css/app/admin/page.css?v=1773012718571 404 in 27ms
 GET /_next/static/chunks/main-app.js?v=1773012718571 404 in 36ms
 GET /_next/static/chunks/app-pages-internals.js 404 in 53ms
 GET /_next/static/chunks/app/admin/page.js 404 in 53ms
 GET /_next/static/chunks/app/layout.js 404 in 54ms
 GET /_next/static/chunks/app/not-found.js 404 in 54ms
 GET /admin 200 in 29ms
 GET /_next/static/css/app/layout.css?v=1773012720788 404 in 18ms
 GET /_next/static/css/app/admin/page.css?v=1773012720788 404 in 21ms
 GET /_next/static/chunks/main-app.js?v=1773012720788 404 in 63ms
 GET /_next/static/chunks/app-pages-internals.js 404 in 68ms
 GET /_next/static/chunks/app/admin/page.js 404 in 66ms
 GET /_next/static/chunks/app/layout.js 404 in 66ms
 GET /_next/static/chunks/app/not-found.js 404 in 55ms
 GET /admin 200 in 21ms
 GET /_next/static/css/app/layout.css?v=1773012721006 404 in 28ms
 GET /_next/static/css/app/admin/page.css?v=1773012721006 404 in 28ms
 GET /_next/static/chunks/main-app.js?v=1773012721006 404 in 63ms
 GET /_next/static/chunks/app-pages-internals.js 404 in 62ms
 GET /_next/static/chunks/app/admin/page.js 404 in 61ms
 GET /_next/static/chunks/app/layout.js 404 in 61ms
 GET /_next/static/chunks/app/not-found.js 404 in 60ms
 GET /admin 200 in 24ms
 GET /_next/static/css/app/layout.css?v=1773012721252 404 in 17ms
 GET /_next/static/css/app/admin/page.css?v=1773012721252 404 in 21ms
 GET /_next/static/chunks/main-app.js?v=1773012721252 404 in 72ms
 GET /_next/static/chunks/app-pages-internals.js 404 in 60ms
 GET /_next/static/chunks/app/admin/page.js 404 in 60ms
 GET /_next/static/chunks/app/layout.js 404 in 61ms
 GET /_next/static/chunks/app/not-found.js 404 in 60ms
 GET /admin 200 in 23ms
 GET /_next/static/css/app/layout.css?v=1773012722244 404 in 24ms
 GET /_next/static/css/app/admin/page.css?v=1773012722244 404 in 25ms
 GET /_next/static/chunks/app/admin/page.js 404 in 55ms
 GET /_next/static/chunks/main-app.js?v=1773012722244 404 in 60ms
 GET /_next/static/chunks/app-pages-internals.js 404 in 59ms
 GET /_next/static/chunks/app/layout.js 404 in 53ms
 GET /_next/static/chunks/app/not-found.js 404 in 52ms
 ○ Compiling / ...
 ✓ Compiled / in 4.1s (2246 modules)
 GET / 200 in 4532ms
 ✓ Compiled /api/auth/[...nextauth] in 489ms (1128 modules)
 ✓ Compiled (1132 modules)
 GET /api/settings 200 in 862ms
 GET /api/categories 200 in 867ms
 GET /api/settings 200 in 17ms
 GET /api/categories 200 in 33ms
 GET /api/settings 200 in 20ms
 GET /api/settings 200 in 11ms
 GET /api/auth/session 200 in 1178ms
 GET /api/auth/session 200 in 39ms
 ✓ Compiled /login in 467ms (2286 modules)
 GET /api/auth/providers 200 in 46ms
 GET /api/auth/csrf 200 in 8ms
 POST /api/auth/callback/credentials 401 in 15ms
 GET /api/auth/providers 200 in 42ms
 GET /api/auth/csrf 200 in 10ms
 POST /api/auth/callback/credentials 200 in 128ms
 GET /api/auth/session 200 in 14ms
 GET /api/categories 200 in 61ms
 GET /api/categories 200 in 34ms
 GET /?_rsc=1h9g0 200 in 95ms
 ○ Compiling /admin ...
 ✓ Compiled /admin in 1421ms (1276 modules)
 GET /api/categories 200 in 51ms
 ✓ Compiled /api/locations in 277ms (1278 modules)
 ✓ Compiled (1287 modules)
 GET /api/settings 200 in 563ms
[API] Looking for roles with session: admin@panodasehir.com
[API] Found 4 roles.
 GET /api/roles 200 in 590ms
 GET /api/sliders 200 in 595ms
 GET /api/users 200 in 596ms
 GET /api/locations 200 in 581ms
 GET /api/postits?includeUnapproved=true 200 in 646ms
 ✓ Compiled /api/calendar-categories in 231ms (1289 modules)
 GET /api/calendar-categories 200 in 291ms
 ✓ Compiled /api/user-groups in 201ms (1291 modules)
 GET /api/user-groups 200 in 252ms
 GET /api/auth/csrf 200 in 40ms
 POST /api/auth/signout 200 in 10ms
 GET / 200 in 347ms
 GET /api/settings 200 in 48ms
 GET /api/categories 200 in 54ms
 GET /api/auth/session 200 in 65ms
 GET /api/settings 200 in 82ms
 GET /api/categories 200 in 96ms
 GET /api/auth/session 200 in 50ms
 GET /api/settings 200 in 31ms
 GET /api/settings 200 in 29ms
 GET /api/auth/providers 200 in 41ms
 GET /api/auth/csrf 200 in 8ms
 POST /api/auth/callback/credentials 200 in 122ms
 GET /api/auth/session 200 in 8ms
 GET /api/categories 200 in 24ms
 GET /api/categories 200 in 25ms
 ○ Compiling /profile ...
 ✓ Compiled /profile in 1538ms (2441 modules)
 ✓ Compiled /api/profile in 252ms (1287 modules)
 ✓ Compiled (1289 modules)
 GET /api/profile 200 in 589ms
 GET /api/profile 200 in 14ms
 GET /api/locations 200 in 625ms
 GET /api/locations 200 in 47ms
 ○ Compiling /my-postits ...
 ✓ Compiled /my-postits in 642ms (2457 modules)
 ✓ Compiled /api/my-postits in 279ms (1298 modules)
 GET /api/categories 200 in 551ms
 GET /api/my-postits 200 in 581ms
 GET /api/my-postits 200 in 17ms
 GET /api/categories 200 in 38ms
 GET /api/auth/csrf 200 in 40ms
 POST /api/auth/signout 200 in 14ms
 GET / 200 in 293ms
 GET /api/settings 200 in 36ms
 GET /api/categories 200 in 42ms
 GET /api/auth/session 200 in 70ms
 GET /api/settings 200 in 79ms
 GET /api/auth/session 200 in 47ms
 GET /api/categories 200 in 107ms
 GET /api/settings 200 in 50ms
 GET /api/settings 200 in 21ms
 GET /?_rsc=1h9g0 200 in 41ms
 GET /?category=cmmhv4m76000dw8z0uyxrcpjh&_rsc=on31g 200 in 31ms
 GET /?category=cmmi9hgrq0009w8i59gfpxacc&_rsc=1m1f4 200 in 33ms
 GET /?category=cmmi9ns2p000fw8i5r8cf022t 200 in 86ms
 GET /api/settings 200 in 84ms
 GET /api/categories 200 in 94ms
 GET /api/auth/session 200 in 115ms
 GET /api/settings 200 in 109ms
 GET /api/auth/session 200 in 58ms
 GET /api/categories 200 in 135ms
 GET /api/settings 200 in 35ms
 GET /api/settings 200 in 12ms
 GET /?category=cmmi9hgrq0009w8i59gfpxacc 200 in 73ms
 GET /api/auth/session 200 in 85ms
 GET /api/settings 200 in 110ms
 GET /api/categories 200 in 115ms
 GET /api/settings 200 in 51ms
 GET /api/auth/session 200 in 58ms
 GET /api/categories 200 in 72ms
 GET /api/settings 200 in 25ms
 GET /api/settings 200 in 27ms
 GET /?category=cmmi9m7y5000cw8i5fwch41rs 200 in 63ms
 GET /api/auth/session 200 in 83ms
 GET /api/settings 200 in 102ms
 GET /api/categories 200 in 108ms
 GET /api/auth/session 200 in 37ms
 GET /api/settings 200 in 47ms
 GET /api/categories 200 in 63ms
 GET /api/settings 200 in 32ms
 GET /api/settings 200 in 18ms
 ✓ Compiled in 1818ms (1175 modules)
 GET /?category=cmmi9m7y5000cw8i5fwch41rs&_rsc=6kfba 200 in 85ms
 ✓ Compiled in 759ms (1175 modules)
 ○ Compiling /_not-found ...
 ✓ Compiled /_not-found in 635ms (1294 modules)
 GET /?category=cmmi9m7y5000cw8i5fwch41rs 200 in 314ms
 GET /api/auth/session 200 in 199ms
 GET /api/settings 200 in 233ms
 GET /api/categories 200 in 253ms
 GET /api/auth/session 200 in 77ms
 GET /api/settings 200 in 93ms
 GET /api/categories 200 in 109ms
 GET /api/settings 200 in 39ms
 GET /api/settings 200 in 21ms
 ⨯ Failed to generate static paths for /api/auth/[...nextauth]:
TypeError: Cannot read properties of undefined (reading 'call')
    at __webpack_require__ (/home/izzetyasin/Desktop/Geliştirme/panodasehir/postit_wall/nextjs_space/.next/server/webpack-runtime.js:33:43)
    at eval (webpack-internal:///(rsc)/./node_modules/next/dist/build/webpack/loaders/next-app-loader.js?name=app%2Fapi%2Fauth%2F%5B...nextauth%5D%2Froute&page=%2Fapi%2Fauth%2F%5B...nextauth%5D%2Froute&appPaths=&pagePath=private-next-app-dir%2Fapi%2Fauth%2F%5B...nextauth%5D%2Froute.ts&appDir=%2Fhome%2Fizzetyasin%2FDesktop%2FGeli%C5%9Ftirme%2Fpanodasehir%2Fpostit_wall%2Fnextjs_space%2Fapp&pageExtensions=tsx&pageExtensions=ts&pageExtensions=jsx&pageExtensions=js&rootDir=%2Fhome%2Fizzetyasin%2FDesktop%2FGeli%C5%9Ftirme%2Fpanodasehir%2Fpostit_wall%2Fnextjs_space&isDev=true&tsconfigPath=tsconfig.json&basePath=&assetPrefix=&nextConfigOutput=&preferredRegion=&middlewareConfig=e30%3D!:10:121)
    at (rsc)/./node_modules/next/dist/build/webpack/loaders/next-app-loader.js?name=app%2Fapi%2Fauth%2F%5B...nextauth%5D%2Froute&page=%2Fapi%2Fauth%2F%5B...nextauth%5D%2Froute&appPaths=&pagePath=private-next-app-dir%2Fapi%2Fauth%2F%5B...nextauth%5D%2Froute.ts&appDir=%2Fhome%2Fizzetyasin%2FDesktop%2FGeli%C5%9Ftirme%2Fpanodasehir%2Fpostit_wall%2Fnextjs_space%2Fapp&pageExtensions=tsx&pageExtensions=ts&pageExtensions=jsx&pageExtensions=js&rootDir=%2Fhome%2Fizzetyasin%2FDesktop%2FGeli%C5%9Ftirme%2Fpanodasehir%2Fpostit_wall%2Fnextjs_space&isDev=true&tsconfigPath=tsconfig.json&basePath=&assetPrefix=&nextConfigOutput=&preferredRegion=&middlewareConfig=e30%3D! (/home/izzetyasin/Desktop/Geliştirme/panodasehir/postit_wall/nextjs_space/.next/server/app/api/auth/[...nextauth]/route.js:182:1)
    at __webpack_require__ (/home/izzetyasin/Desktop/Geliştirme/panodasehir/postit_wall/nextjs_space/.next/server/webpack-runtime.js:33:43)
    at __webpack_exec__ (/home/izzetyasin/Desktop/Geliştirme/panodasehir/postit_wall/nextjs_space/.next/server/app/api/auth/[...nextauth]/route.js:222:39)
    at /home/izzetyasin/Desktop/Geliştirme/panodasehir/postit_wall/nextjs_space/.next/server/app/api/auth/[...nextauth]/route.js:223:474
    at __webpack_require__.X (/home/izzetyasin/Desktop/Geliştirme/panodasehir/postit_wall/nextjs_space/.next/server/webpack-runtime.js:168:21)
    at /home/izzetyasin/Desktop/Geliştirme/panodasehir/postit_wall/nextjs_space/.next/server/app/api/auth/[...nextauth]/route.js:223:47
    at Object.<anonymous> (/home/izzetyasin/Desktop/Geliştirme/panodasehir/postit_wall/nextjs_space/.next/server/app/api/auth/[...nextauth]/route.js:226:3)
    at Module._compile (node:internal/modules/cjs/loader:1565:14) {
  type: 'TypeError'
}
 ⨯ Failed to generate static paths for /api/auth/[...nextauth]:
TypeError: Cannot read properties of undefined (reading 'call')
    at __webpack_require__ (/home/izzetyasin/Desktop/Geliştirme/panodasehir/postit_wall/nextjs_space/.next/server/webpack-runtime.js:33:43)
    at eval (webpack-internal:///(rsc)/./node_modules/next/dist/build/webpack/loaders/next-app-loader.js?name=app%2Fapi%2Fauth%2F%5B...nextauth%5D%2Froute&page=%2Fapi%2Fauth%2F%5B...nextauth%5D%2Froute&appPaths=&pagePath=private-next-app-dir%2Fapi%2Fauth%2F%5B...nextauth%5D%2Froute.ts&appDir=%2Fhome%2Fizzetyasin%2FDesktop%2FGeli%C5%9Ftirme%2Fpanodasehir%2Fpostit_wall%2Fnextjs_space%2Fapp&pageExtensions=tsx&pageExtensions=ts&pageExtensions=jsx&pageExtensions=js&rootDir=%2Fhome%2Fizzetyasin%2FDesktop%2FGeli%C5%9Ftirme%2Fpanodasehir%2Fpostit_wall%2Fnextjs_space&isDev=true&tsconfigPath=tsconfig.json&basePath=&assetPrefix=&nextConfigOutput=&preferredRegion=&middlewareConfig=e30%3D!:10:121)
    at (rsc)/./node_modules/next/dist/build/webpack/loaders/next-app-loader.js?name=app%2Fapi%2Fauth%2F%5B...nextauth%5D%2Froute&page=%2Fapi%2Fauth%2F%5B...nextauth%5D%2Froute&appPaths=&pagePath=private-next-app-dir%2Fapi%2Fauth%2F%5B...nextauth%5D%2Froute.ts&appDir=%2Fhome%2Fizzetyasin%2FDesktop%2FGeli%C5%9Ftirme%2Fpanodasehir%2Fpostit_wall%2Fnextjs_space%2Fapp&pageExtensions=tsx&pageExtensions=ts&pageExtensions=jsx&pageExtensions=js&rootDir=%2Fhome%2Fizzetyasin%2FDesktop%2FGeli%C5%9Ftirme%2Fpanodasehir%2Fpostit_wall%2Fnextjs_space&isDev=true&tsconfigPath=tsconfig.json&basePath=&assetPrefix=&nextConfigOutput=&preferredRegion=&middlewareConfig=e30%3D! (/home/izzetyasin/Desktop/Geliştirme/panodasehir/postit_wall/nextjs_space/.next/server/app/api/auth/[...nextauth]/route.js:182:1)
    at __webpack_require__ (/home/izzetyasin/Desktop/Geliştirme/panodasehir/postit_wall/nextjs_space/.next/server/webpack-runtime.js:33:43)
    at __webpack_exec__ (/home/izzetyasin/Desktop/Geliştirme/panodasehir/postit_wall/nextjs_space/.next/server/app/api/auth/[...nextauth]/route.js:222:39)
    at /home/izzetyasin/Desktop/Geliştirme/panodasehir/postit_wall/nextjs_space/.next/server/app/api/auth/[...nextauth]/route.js:223:474
    at __webpack_require__.X (/home/izzetyasin/Desktop/Geliştirme/panodasehir/postit_wall/nextjs_space/.next/server/webpack-runtime.js:168:21)
    at /home/izzetyasin/Desktop/Geliştirme/panodasehir/postit_wall/nextjs_space/.next/server/app/api/auth/[...nextauth]/route.js:223:47
    at Object.<anonymous> (/home/izzetyasin/Desktop/Geliştirme/panodasehir/postit_wall/nextjs_space/.next/server/app/api/auth/[...nextauth]/route.js:226:3)
    at Module._compile (node:internal/modules/cjs/loader:1565:14) {
  type: 'TypeError'
}
 ✓ Compiled in 875ms (1175 modules)
 GET /?category=cmmi9m7y5000cw8i5fwch41rs&_rsc=6kfba 200 in 66ms
 GET /_next/static/webpack/56dcc95f75d17fd9.webpack.hot-update.json 404 in 43ms
 ⚠ Fast Refresh had to perform a full reload. Read more: https://nextjs.org/docs/messages/fast-refresh-reload
 GET /?category=cmmi9m7y5000cw8i5fwch41rs 200 in 105ms
 GET /api/settings 200 in 274ms
 GET /api/categories 200 in 293ms
 GET /api/settings 200 in 81ms
 GET /api/categories 200 in 125ms
 GET /api/settings 200 in 83ms
 GET /api/settings 200 in 27ms
 ⨯ TypeError: Cannot read properties of undefined (reading 'call')
    at __webpack_require__ (/home/izzetyasin/Desktop/Geliştirme/panodasehir/postit_wall/nextjs_space/.next/server/webpack-runtime.js:33:43)
    at eval (webpack-internal:///(rsc)/./node_modules/next/dist/build/webpack/loaders/next-app-loader.js?name=app%2Fapi%2Fauth%2F%5B...nextauth%5D%2Froute&page=%2Fapi%2Fauth%2F%5B...nextauth%5D%2Froute&appPaths=&pagePath=private-next-app-dir%2Fapi%2Fauth%2F%5B...nextauth%5D%2Froute.ts&appDir=%2Fhome%2Fizzetyasin%2FDesktop%2FGeli%C5%9Ftirme%2Fpanodasehir%2Fpostit_wall%2Fnextjs_space%2Fapp&pageExtensions=tsx&pageExtensions=ts&pageExtensions=jsx&pageExtensions=js&rootDir=%2Fhome%2Fizzetyasin%2FDesktop%2FGeli%C5%9Ftirme%2Fpanodasehir%2Fpostit_wall%2Fnextjs_space&isDev=true&tsconfigPath=tsconfig.json&basePath=&assetPrefix=&nextConfigOutput=&preferredRegion=&middlewareConfig=e30%3D!:10:121)
    at (rsc)/./node_modules/next/dist/build/webpack/loaders/next-app-loader.js?name=app%2Fapi%2Fauth%2F%5B...nextauth%5D%2Froute&page=%2Fapi%2Fauth%2F%5B...nextauth%5D%2Froute&appPaths=&pagePath=private-next-app-dir%2Fapi%2Fauth%2F%5B...nextauth%5D%2Froute.ts&appDir=%2Fhome%2Fizzetyasin%2FDesktop%2FGeli%C5%9Ftirme%2Fpanodasehir%2Fpostit_wall%2Fnextjs_space%2Fapp&pageExtensions=tsx&pageExtensions=ts&pageExtensions=jsx&pageExtensions=js&rootDir=%2Fhome%2Fizzetyasin%2FDesktop%2FGeli%C5%9Ftirme%2Fpanodasehir%2Fpostit_wall%2Fnextjs_space&isDev=true&tsconfigPath=tsconfig.json&basePath=&assetPrefix=&nextConfigOutput=&preferredRegion=&middlewareConfig=e30%3D! (/home/izzetyasin/Desktop/Geliştirme/panodasehir/postit_wall/nextjs_space/.next/server/app/api/auth/[...nextauth]/route.js:182:1)
    at __webpack_require__ (/home/izzetyasin/Desktop/Geliştirme/panodasehir/postit_wall/nextjs_space/.next/server/webpack-runtime.js:33:43)
    at __webpack_exec__ (/home/izzetyasin/Desktop/Geliştirme/panodasehir/postit_wall/nextjs_space/.next/server/app/api/auth/[...nextauth]/route.js:222:39)
    at /home/izzetyasin/Desktop/Geliştirme/panodasehir/postit_wall/nextjs_space/.next/server/app/api/auth/[...nextauth]/route.js:223:474
    at __webpack_require__.X (/home/izzetyasin/Desktop/Geliştirme/panodasehir/postit_wall/nextjs_space/.next/server/webpack-runtime.js:168:21)
    at /home/izzetyasin/Desktop/Geliştirme/panodasehir/postit_wall/nextjs_space/.next/server/app/api/auth/[...nextauth]/route.js:223:47
    at Object.<anonymous> (/home/izzetyasin/Desktop/Geliştirme/panodasehir/postit_wall/nextjs_space/.next/server/app/api/auth/[...nextauth]/route.js:226:3)
    at Module._compile (node:internal/modules/cjs/loader:1565:14) {
  type: 'TypeError',
  page: '/api/auth/session'
}
 GET /api/auth/session 500 in 1030ms
 ⨯ TypeError: Cannot read properties of undefined (reading 'call')
    at __webpack_require__ (/home/izzetyasin/Desktop/Geliştirme/panodasehir/postit_wall/nextjs_space/.next/server/webpack-runtime.js:33:43)
    at eval (webpack-internal:///(rsc)/./node_modules/next/dist/build/webpack/loaders/next-app-loader.js?name=app%2Fapi%2Fauth%2F%5B...nextauth%5D%2Froute&page=%2Fapi%2Fauth%2F%5B...nextauth%5D%2Froute&appPaths=&pagePath=private-next-app-dir%2Fapi%2Fauth%2F%5B...nextauth%5D%2Froute.ts&appDir=%2Fhome%2Fizzetyasin%2FDesktop%2FGeli%C5%9Ftirme%2Fpanodasehir%2Fpostit_wall%2Fnextjs_space%2Fapp&pageExtensions=tsx&pageExtensions=ts&pageExtensions=jsx&pageExtensions=js&rootDir=%2Fhome%2Fizzetyasin%2FDesktop%2FGeli%C5%9Ftirme%2Fpanodasehir%2Fpostit_wall%2Fnextjs_space&isDev=true&tsconfigPath=tsconfig.json&basePath=&assetPrefix=&nextConfigOutput=&preferredRegion=&middlewareConfig=e30%3D!:10:121)
    at (rsc)/./node_modules/next/dist/build/webpack/loaders/next-app-loader.js?name=app%2Fapi%2Fauth%2F%5B...nextauth%5D%2Froute&page=%2Fapi%2Fauth%2F%5B...nextauth%5D%2Froute&appPaths=&pagePath=private-next-app-dir%2Fapi%2Fauth%2F%5B...nextauth%5D%2Froute.ts&appDir=%2Fhome%2Fizzetyasin%2FDesktop%2FGeli%C5%9Ftirme%2Fpanodasehir%2Fpostit_wall%2Fnextjs_space%2Fapp&pageExtensions=tsx&pageExtensions=ts&pageExtensions=jsx&pageExtensions=js&rootDir=%2Fhome%2Fizzetyasin%2FDesktop%2FGeli%C5%9Ftirme%2Fpanodasehir%2Fpostit_wall%2Fnextjs_space&isDev=true&tsconfigPath=tsconfig.json&basePath=&assetPrefix=&nextConfigOutput=&preferredRegion=&middlewareConfig=e30%3D! (/home/izzetyasin/Desktop/Geliştirme/panodasehir/postit_wall/nextjs_space/.next/server/app/api/auth/[...nextauth]/route.js:182:1)
    at __webpack_require__ (/home/izzetyasin/Desktop/Geliştirme/panodasehir/postit_wall/nextjs_space/.next/server/webpack-runtime.js:33:43)
    at __webpack_exec__ (/home/izzetyasin/Desktop/Geliştirme/panodasehir/postit_wall/nextjs_space/.next/server/app/api/auth/[...nextauth]/route.js:222:39)
    at /home/izzetyasin/Desktop/Geliştirme/panodasehir/postit_wall/nextjs_space/.next/server/app/api/auth/[...nextauth]/route.js:223:474
    at __webpack_require__.X (/home/izzetyasin/Desktop/Geliştirme/panodasehir/postit_wall/nextjs_space/.next/server/webpack-runtime.js:168:21)
    at /home/izzetyasin/Desktop/Geliştirme/panodasehir/postit_wall/nextjs_space/.next/server/app/api/auth/[...nextauth]/route.js:223:47
    at Object.<anonymous> (/home/izzetyasin/Desktop/Geliştirme/panodasehir/postit_wall/nextjs_space/.next/server/app/api/auth/[...nextauth]/route.js:226:3)
    at Module._compile (node:internal/modules/cjs/loader:1565:14) {
  type: 'TypeError',
  page: '/api/auth/_log'
}
 ⨯ TypeError: Cannot read properties of undefined (reading 'call')
    at __webpack_require__ (/home/izzetyasin/Desktop/Geliştirme/panodasehir/postit_wall/nextjs_space/.next/server/webpack-runtime.js:33:43)
    at eval (webpack-internal:///(rsc)/./node_modules/next/dist/build/webpack/loaders/next-app-loader.js?name=app%2Fapi%2Fauth%2F%5B...nextauth%5D%2Froute&page=%2Fapi%2Fauth%2F%5B...nextauth%5D%2Froute&appPaths=&pagePath=private-next-app-dir%2Fapi%2Fauth%2F%5B...nextauth%5D%2Froute.ts&appDir=%2Fhome%2Fizzetyasin%2FDesktop%2FGeli%C5%9Ftirme%2Fpanodasehir%2Fpostit_wall%2Fnextjs_space%2Fapp&pageExtensions=tsx&pageExtensions=ts&pageExtensions=jsx&pageExtensions=js&rootDir=%2Fhome%2Fizzetyasin%2FDesktop%2FGeli%C5%9Ftirme%2Fpanodasehir%2Fpostit_wall%2Fnextjs_space&isDev=true&tsconfigPath=tsconfig.json&basePath=&assetPrefix=&nextConfigOutput=&preferredRegion=&middlewareConfig=e30%3D!:10:121)
    at (rsc)/./node_modules/next/dist/build/webpack/loaders/next-app-loader.js?name=app%2Fapi%2Fauth%2F%5B...nextauth%5D%2Froute&page=%2Fapi%2Fauth%2F%5B...nextauth%5D%2Froute&appPaths=&pagePath=private-next-app-dir%2Fapi%2Fauth%2F%5B...nextauth%5D%2Froute.ts&appDir=%2Fhome%2Fizzetyasin%2FDesktop%2FGeli%C5%9Ftirme%2Fpanodasehir%2Fpostit_wall%2Fnextjs_space%2Fapp&pageExtensions=tsx&pageExtensions=ts&pageExtensions=jsx&pageExtensions=js&rootDir=%2Fhome%2Fizzetyasin%2FDesktop%2FGeli%C5%9Ftirme%2Fpanodasehir%2Fpostit_wall%2Fnextjs_space&isDev=true&tsconfigPath=tsconfig.json&basePath=&assetPrefix=&nextConfigOutput=&preferredRegion=&middlewareConfig=e30%3D! (/home/izzetyasin/Desktop/Geliştirme/panodasehir/postit_wall/nextjs_space/.next/server/app/api/auth/[...nextauth]/route.js:182:1)
    at __webpack_require__ (/home/izzetyasin/Desktop/Geliştirme/panodasehir/postit_wall/nextjs_space/.next/server/webpack-runtime.js:33:43)
    at __webpack_exec__ (/home/izzetyasin/Desktop/Geliştirme/panodasehir/postit_wall/nextjs_space/.next/server/app/api/auth/[...nextauth]/route.js:222:39)
    at /home/izzetyasin/Desktop/Geliştirme/panodasehir/postit_wall/nextjs_space/.next/server/app/api/auth/[...nextauth]/route.js:223:474
    at __webpack_require__.X (/home/izzetyasin/Desktop/Geliştirme/panodasehir/postit_wall/nextjs_space/.next/server/webpack-runtime.js:168:21)
    at /home/izzetyasin/Desktop/Geliştirme/panodasehir/postit_wall/nextjs_space/.next/server/app/api/auth/[...nextauth]/route.js:223:47
    at Object.<anonymous> (/home/izzetyasin/Desktop/Geliştirme/panodasehir/postit_wall/nextjs_space/.next/server/app/api/auth/[...nextauth]/route.js:226:3)
    at Module._compile (node:internal/modules/cjs/loader:1565:14) {
  type: 'TypeError',
  page: '/api/auth/_log'
}
 GET /api/auth/session 500 in 321ms
 POST /api/auth/_log 500 in 297ms
 ⨯ TypeError: Cannot read properties of undefined (reading 'call')
    at __webpack_require__ (/home/izzetyasin/Desktop/Geliştirme/panodasehir/postit_wall/nextjs_space/.next/server/webpack-runtime.js:33:43)
    at eval (webpack-internal:///(rsc)/./node_modules/next/dist/build/webpack/loaders/next-app-loader.js?name=app%2Fapi%2Fauth%2F%5B...nextauth%5D%2Froute&page=%2Fapi%2Fauth%2F%5B...nextauth%5D%2Froute&appPaths=&pagePath=private-next-app-dir%2Fapi%2Fauth%2F%5B...nextauth%5D%2Froute.ts&appDir=%2Fhome%2Fizzetyasin%2FDesktop%2FGeli%C5%9Ftirme%2Fpanodasehir%2Fpostit_wall%2Fnextjs_space%2Fapp&pageExtensions=tsx&pageExtensions=ts&pageExtensions=jsx&pageExtensions=js&rootDir=%2Fhome%2Fizzetyasin%2FDesktop%2FGeli%C5%9Ftirme%2Fpanodasehir%2Fpostit_wall%2Fnextjs_space&isDev=true&tsconfigPath=tsconfig.json&basePath=&assetPrefix=&nextConfigOutput=&preferredRegion=&middlewareConfig=e30%3D!:10:121)
    at (rsc)/./node_modules/next/dist/build/webpack/loaders/next-app-loader.js?name=app%2Fapi%2Fauth%2F%5B...nextauth%5D%2Froute&page=%2Fapi%2Fauth%2F%5B...nextauth%5D%2Froute&appPaths=&pagePath=private-next-app-dir%2Fapi%2Fauth%2F%5B...nextauth%5D%2Froute.ts&appDir=%2Fhome%2Fizzetyasin%2FDesktop%2FGeli%C5%9Ftirme%2Fpanodasehir%2Fpostit_wall%2Fnextjs_space%2Fapp&pageExtensions=tsx&pageExtensions=ts&pageExtensions=jsx&pageExtensions=js&rootDir=%2Fhome%2Fizzetyasin%2FDesktop%2FGeli%C5%9Ftirme%2Fpanodasehir%2Fpostit_wall%2Fnextjs_space&isDev=true&tsconfigPath=tsconfig.json&basePath=&assetPrefix=&nextConfigOutput=&preferredRegion=&middlewareConfig=e30%3D! (/home/izzetyasin/Desktop/Geliştirme/panodasehir/postit_wall/nextjs_space/.next/server/app/api/auth/[...nextauth]/route.js:182:1)
    at __webpack_require__ (/home/izzetyasin/Desktop/Geliştirme/panodasehir/postit_wall/nextjs_space/.next/server/webpack-runtime.js:33:43)
    at __webpack_exec__ (/home/izzetyasin/Desktop/Geliştirme/panodasehir/postit_wall/nextjs_space/.next/server/app/api/auth/[...nextauth]/route.js:222:39)
    at /home/izzetyasin/Desktop/Geliştirme/panodasehir/postit_wall/nextjs_space/.next/server/app/api/auth/[...nextauth]/route.js:223:474
    at __webpack_require__.X (/home/izzetyasin/Desktop/Geliştirme/panodasehir/postit_wall/nextjs_space/.next/server/webpack-runtime.js:168:21)
    at /home/izzetyasin/Desktop/Geliştirme/panodasehir/postit_wall/nextjs_space/.next/server/app/api/auth/[...nextauth]/route.js:223:47
    at Object.<anonymous> (/home/izzetyasin/Desktop/Geliştirme/panodasehir/postit_wall/nextjs_space/.next/server/app/api/auth/[...nextauth]/route.js:226:3)
    at Module._compile (node:internal/modules/cjs/loader:1565:14) {
  type: 'TypeError',
  page: '/api/auth/_log'
}
 POST /api/auth/_log 500 in 265ms
 ✓ Compiled in 761ms (1175 modules)
 GET /?category=cmmi9m7y5000cw8i5fwch41rs&_rsc=6kfba 200 in 67ms
 GET /?_rsc=1h9g0 200 in 36ms
 GET /?category=cmmhv4m76000dw8z0uyxrcpjh 200 in 72ms
 GET /api/settings 200 in 100ms
 GET /api/categories 200 in 107ms
 GET /api/settings 200 in 45ms
 GET /api/categories 200 in 70ms
 GET /api/settings 200 in 34ms
 GET /api/settings 200 in 17ms
 ⨯ TypeError: Cannot read properties of undefined (reading 'call')
    at __webpack_require__ (/home/izzetyasin/Desktop/Geliştirme/panodasehir/postit_wall/nextjs_space/.next/server/webpack-runtime.js:33:43)
    at eval (webpack-internal:///(rsc)/./node_modules/next/dist/build/webpack/loaders/next-app-loader.js?name=app%2Fapi%2Fauth%2F%5B...nextauth%5D%2Froute&page=%2Fapi%2Fauth%2F%5B...nextauth%5D%2Froute&appPaths=&pagePath=private-next-app-dir%2Fapi%2Fauth%2F%5B...nextauth%5D%2Froute.ts&appDir=%2Fhome%2Fizzetyasin%2FDesktop%2FGeli%C5%9Ftirme%2Fpanodasehir%2Fpostit_wall%2Fnextjs_space%2Fapp&pageExtensions=tsx&pageExtensions=ts&pageExtensions=jsx&pageExtensions=js&rootDir=%2Fhome%2Fizzetyasin%2FDesktop%2FGeli%C5%9Ftirme%2Fpanodasehir%2Fpostit_wall%2Fnextjs_space&isDev=true&tsconfigPath=tsconfig.json&basePath=&assetPrefix=&nextConfigOutput=&preferredRegion=&middlewareConfig=e30%3D!:10:121)
    at (rsc)/./node_modules/next/dist/build/webpack/loaders/next-app-loader.js?name=app%2Fapi%2Fauth%2F%5B...nextauth%5D%2Froute&page=%2Fapi%2Fauth%2F%5B...nextauth%5D%2Froute&appPaths=&pagePath=private-next-app-dir%2Fapi%2Fauth%2F%5B...nextauth%5D%2Froute.ts&appDir=%2Fhome%2Fizzetyasin%2FDesktop%2FGeli%C5%9Ftirme%2Fpanodasehir%2Fpostit_wall%2Fnextjs_space%2Fapp&pageExtensions=tsx&pageExtensions=ts&pageExtensions=jsx&pageExtensions=js&rootDir=%2Fhome%2Fizzetyasin%2FDesktop%2FGeli%C5%9Ftirme%2Fpanodasehir%2Fpostit_wall%2Fnextjs_space&isDev=true&tsconfigPath=tsconfig.json&basePath=&assetPrefix=&nextConfigOutput=&preferredRegion=&middlewareConfig=e30%3D! (/home/izzetyasin/Desktop/Geliştirme/panodasehir/postit_wall/nextjs_space/.next/server/app/api/auth/[...nextauth]/route.js:182:1)
    at __webpack_require__ (/home/izzetyasin/Desktop/Geliştirme/panodasehir/postit_wall/nextjs_space/.next/server/webpack-runtime.js:33:43)
    at __webpack_exec__ (/home/izzetyasin/Desktop/Geliştirme/panodasehir/postit_wall/nextjs_space/.next/server/app/api/auth/[...nextauth]/route.js:222:39)
    at /home/izzetyasin/Desktop/Geliştirme/panodasehir/postit_wall/nextjs_space/.next/server/app/api/auth/[...nextauth]/route.js:223:474
    at __webpack_require__.X (/home/izzetyasin/Desktop/Geliştirme/panodasehir/postit_wall/nextjs_space/.next/server/webpack-runtime.js:168:21)
    at /home/izzetyasin/Desktop/Geliştirme/panodasehir/postit_wall/nextjs_space/.next/server/app/api/auth/[...nextauth]/route.js:223:47
    at Object.<anonymous> (/home/izzetyasin/Desktop/Geliştirme/panodasehir/postit_wall/nextjs_space/.next/server/app/api/auth/[...nextauth]/route.js:226:3)
    at Module._compile (node:internal/modules/cjs/loader:1565:14) {
  type: 'TypeError',
  page: '/api/auth/session'
}
 GET /api/auth/session 500 in 480ms
 ⨯ TypeError: Cannot read properties of undefined (reading 'call')
    at __webpack_require__ (/home/izzetyasin/Desktop/Geliştirme/panodasehir/postit_wall/nextjs_space/.next/server/webpack-runtime.js:33:43)
    at eval (webpack-internal:///(rsc)/./node_modules/next/dist/build/webpack/loaders/next-app-loader.js?name=app%2Fapi%2Fauth%2F%5B...nextauth%5D%2Froute&page=%2Fapi%2Fauth%2F%5B...nextauth%5D%2Froute&appPaths=&pagePath=private-next-app-dir%2Fapi%2Fauth%2F%5B...nextauth%5D%2Froute.ts&appDir=%2Fhome%2Fizzetyasin%2FDesktop%2FGeli%C5%9Ftirme%2Fpanodasehir%2Fpostit_wall%2Fnextjs_space%2Fapp&pageExtensions=tsx&pageExtensions=ts&pageExtensions=jsx&pageExtensions=js&rootDir=%2Fhome%2Fizzetyasin%2FDesktop%2FGeli%C5%9Ftirme%2Fpanodasehir%2Fpostit_wall%2Fnextjs_space&isDev=true&tsconfigPath=tsconfig.json&basePath=&assetPrefix=&nextConfigOutput=&preferredRegion=&middlewareConfig=e30%3D!:10:121)
    at (rsc)/./node_modules/next/dist/build/webpack/loaders/next-app-loader.js?name=app%2Fapi%2Fauth%2F%5B...nextauth%5D%2Froute&page=%2Fapi%2Fauth%2F%5B...nextauth%5D%2Froute&appPaths=&pagePath=private-next-app-dir%2Fapi%2Fauth%2F%5B...nextauth%5D%2Froute.ts&appDir=%2Fhome%2Fizzetyasin%2FDesktop%2FGeli%C5%9Ftirme%2Fpanodasehir%2Fpostit_wall%2Fnextjs_space%2Fapp&pageExtensions=tsx&pageExtensions=ts&pageExtensions=jsx&pageExtensions=js&rootDir=%2Fhome%2Fizzetyasin%2FDesktop%2FGeli%C5%9Ftirme%2Fpanodasehir%2Fpostit_wall%2Fnextjs_space&isDev=true&tsconfigPath=tsconfig.json&basePath=&assetPrefix=&nextConfigOutput=&preferredRegion=&middlewareConfig=e30%3D! (/home/izzetyasin/Desktop/Geliştirme/panodasehir/postit_wall/nextjs_space/.next/server/app/api/auth/[...nextauth]/route.js:182:1)
    at __webpack_require__ (/home/izzetyasin/Desktop/Geliştirme/panodasehir/postit_wall/nextjs_space/.next/server/webpack-runtime.js:33:43)
    at __webpack_exec__ (/home/izzetyasin/Desktop/Geliştirme/panodasehir/postit_wall/nextjs_space/.next/server/app/api/auth/[...nextauth]/route.js:222:39)
    at /home/izzetyasin/Desktop/Geliştirme/panodasehir/postit_wall/nextjs_space/.next/server/app/api/auth/[...nextauth]/route.js:223:474
    at __webpack_require__.X (/home/izzetyasin/Desktop/Geliştirme/panodasehir/postit_wall/nextjs_space/.next/server/webpack-runtime.js:168:21)
    at /home/izzetyasin/Desktop/Geliştirme/panodasehir/postit_wall/nextjs_space/.next/server/app/api/auth/[...nextauth]/route.js:223:47
    at Object.<anonymous> (/home/izzetyasin/Desktop/Geliştirme/panodasehir/postit_wall/nextjs_space/.next/server/app/api/auth/[...nextauth]/route.js:226:3)
    at Module._compile (node:internal/modules/cjs/loader:1565:14) {
  type: 'TypeError',
  page: '/api/auth/_log'
}
 ⨯ TypeError: Cannot read properties of undefined (reading 'call')
    at __webpack_require__ (/home/izzetyasin/Desktop/Geliştirme/panodasehir/postit_wall/nextjs_space/.next/server/webpack-runtime.js:33:43)
    at eval (webpack-internal:///(rsc)/./node_modules/next/dist/build/webpack/loaders/next-app-loader.js?name=app%2Fapi%2Fauth%2F%5B...nextauth%5D%2Froute&page=%2Fapi%2Fauth%2F%5B...nextauth%5D%2Froute&appPaths=&pagePath=private-next-app-dir%2Fapi%2Fauth%2F%5B...nextauth%5D%2Froute.ts&appDir=%2Fhome%2Fizzetyasin%2FDesktop%2FGeli%C5%9Ftirme%2Fpanodasehir%2Fpostit_wall%2Fnextjs_space%2Fapp&pageExtensions=tsx&pageExtensions=ts&pageExtensions=jsx&pageExtensions=js&rootDir=%2Fhome%2Fizzetyasin%2FDesktop%2FGeli%C5%9Ftirme%2Fpanodasehir%2Fpostit_wall%2Fnextjs_space&isDev=true&tsconfigPath=tsconfig.json&basePath=&assetPrefix=&nextConfigOutput=&preferredRegion=&middlewareConfig=e30%3D!:10:121)
    at (rsc)/./node_modules/next/dist/build/webpack/loaders/next-app-loader.js?name=app%2Fapi%2Fauth%2F%5B...nextauth%5D%2Froute&page=%2Fapi%2Fauth%2F%5B...nextauth%5D%2Froute&appPaths=&pagePath=private-next-app-dir%2Fapi%2Fauth%2F%5B...nextauth%5D%2Froute.ts&appDir=%2Fhome%2Fizzetyasin%2FDesktop%2FGeli%C5%9Ftirme%2Fpanodasehir%2Fpostit_wall%2Fnextjs_space%2Fapp&pageExtensions=tsx&pageExtensions=ts&pageExtensions=jsx&pageExtensions=js&rootDir=%2Fhome%2Fizzetyasin%2FDesktop%2FGeli%C5%9Ftirme%2Fpanodasehir%2Fpostit_wall%2Fnextjs_space&isDev=true&tsconfigPath=tsconfig.json&basePath=&assetPrefix=&nextConfigOutput=&preferredRegion=&middlewareConfig=e30%3D! (/home/izzetyasin/Desktop/Geliştirme/panodasehir/postit_wall/nextjs_space/.next/server/app/api/auth/[...nextauth]/route.js:182:1)
    at __webpack_require__ (/home/izzetyasin/Desktop/Geliştirme/panodasehir/postit_wall/nextjs_space/.next/server/webpack-runtime.js:33:43)
    at __webpack_exec__ (/home/izzetyasin/Desktop/Geliştirme/panodasehir/postit_wall/nextjs_space/.next/server/app/api/auth/[...nextauth]/route.js:222:39)
    at /home/izzetyasin/Desktop/Geliştirme/panodasehir/postit_wall/nextjs_space/.next/server/app/api/auth/[...nextauth]/route.js:223:474
    at __webpack_require__.X (/home/izzetyasin/Desktop/Geliştirme/panodasehir/postit_wall/nextjs_space/.next/server/webpack-runtime.js:168:21)
    at /home/izzetyasin/Desktop/Geliştirme/panodasehir/postit_wall/nextjs_space/.next/server/app/api/auth/[...nextauth]/route.js:223:47
    at Object.<anonymous> (/home/izzetyasin/Desktop/Geliştirme/panodasehir/postit_wall/nextjs_space/.next/server/app/api/auth/[...nextauth]/route.js:226:3)
    at Module._compile (node:internal/modules/cjs/loader:1565:14) {
  type: 'TypeError',
  page: '/api/auth/_log'
}
 GET /api/auth/session 500 in 312ms
 POST /api/auth/_log 500 in 308ms
 ⨯ TypeError: Cannot read properties of undefined (reading 'call')
    at __webpack_require__ (/home/izzetyasin/Desktop/Geliştirme/panodasehir/postit_wall/nextjs_space/.next/server/webpack-runtime.js:33:43)
    at eval (webpack-internal:///(rsc)/./node_modules/next/dist/build/webpack/loaders/next-app-loader.js?name=app%2Fapi%2Fauth%2F%5B...nextauth%5D%2Froute&page=%2Fapi%2Fauth%2F%5B...nextauth%5D%2Froute&appPaths=&pagePath=private-next-app-dir%2Fapi%2Fauth%2F%5B...nextauth%5D%2Froute.ts&appDir=%2Fhome%2Fizzetyasin%2FDesktop%2FGeli%C5%9Ftirme%2Fpanodasehir%2Fpostit_wall%2Fnextjs_space%2Fapp&pageExtensions=tsx&pageExtensions=ts&pageExtensions=jsx&pageExtensions=js&rootDir=%2Fhome%2Fizzetyasin%2FDesktop%2FGeli%C5%9Ftirme%2Fpanodasehir%2Fpostit_wall%2Fnextjs_space&isDev=true&tsconfigPath=tsconfig.json&basePath=&assetPrefix=&nextConfigOutput=&preferredRegion=&middlewareConfig=e30%3D!:10:121)
    at (rsc)/./node_modules/next/dist/build/webpack/loaders/next-app-loader.js?name=app%2Fapi%2Fauth%2F%5B...nextauth%5D%2Froute&page=%2Fapi%2Fauth%2F%5B...nextauth%5D%2Froute&appPaths=&pagePath=private-next-app-dir%2Fapi%2Fauth%2F%5B...nextauth%5D%2Froute.ts&appDir=%2Fhome%2Fizzetyasin%2FDesktop%2FGeli%C5%9Ftirme%2Fpanodasehir%2Fpostit_wall%2Fnextjs_space%2Fapp&pageExtensions=tsx&pageExtensions=ts&pageExtensions=jsx&pageExtensions=js&rootDir=%2Fhome%2Fizzetyasin%2FDesktop%2FGeli%C5%9Ftirme%2Fpanodasehir%2Fpostit_wall%2Fnextjs_space&isDev=true&tsconfigPath=tsconfig.json&basePath=&assetPrefix=&nextConfigOutput=&preferredRegion=&middlewareConfig=e30%3D! (/home/izzetyasin/Desktop/Geliştirme/panodasehir/postit_wall/nextjs_space/.next/server/app/api/auth/[...nextauth]/route.js:182:1)
    at __webpack_require__ (/home/izzetyasin/Desktop/Geliştirme/panodasehir/postit_wall/nextjs_space/.next/server/webpack-runtime.js:33:43)
    at __webpack_exec__ (/home/izzetyasin/Desktop/Geliştirme/panodasehir/postit_wall/nextjs_space/.next/server/app/api/auth/[...nextauth]/route.js:222:39)
    at /home/izzetyasin/Desktop/Geliştirme/panodasehir/postit_wall/nextjs_space/.next/server/app/api/auth/[...nextauth]/route.js:223:474
    at __webpack_require__.X (/home/izzetyasin/Desktop/Geliştirme/panodasehir/postit_wall/nextjs_space/.next/server/webpack-runtime.js:168:21)
    at /home/izzetyasin/Desktop/Geliştirme/panodasehir/postit_wall/nextjs_space/.next/server/app/api/auth/[...nextauth]/route.js:223:47
    at Object.<anonymous> (/home/izzetyasin/Desktop/Geliştirme/panodasehir/postit_wall/nextjs_space/.next/server/app/api/auth/[...nextauth]/route.js:226:3)
    at Module._compile (node:internal/modules/cjs/loader:1565:14) {
  type: 'TypeError',
  page: '/api/auth/_log'
}
 POST /api/auth/_log 500 in 286ms
 ✓ Compiled in 4.3s (2469 modules)
 ⚠ Fast Refresh had to perform a full reload. Read more: https://nextjs.org/docs/messages/fast-refresh-reload
 GET /_next/static/webpack/f3daee72cb0a1685.webpack.hot-update.json 404 in 3164ms
 GET /?category=cmmi9hgrq0009w8i59gfpxacc&_rsc=ytaku 200 in 255ms
 GET /?category=cmmhv4m76000dw8z0uyxrcpjh 200 in 405ms
<w> [webpack.cache.PackFileCacheStrategy] Caching failed for pack: Error: ENOENT: no such file or directory, rename '/home/izzetyasin/Desktop/Geliştirme/panodasehir/postit_wall/nextjs_space/.next/cache/webpack/client-development/17.pack.gz_' -> '/home/izzetyasin/Desktop/Geliştirme/panodasehir/postit_wall/nextjs_space/.next/cache/webpack/client-development/17.pack.gz'
 GET /api/categories 200 in 148ms
 GET /api/settings 200 in 191ms
 GET /api/settings 200 in 310ms
 GET /api/categories 200 in 394ms
 GET /api/settings 200 in 91ms
 GET /api/settings 200 in 44ms
 ⨯ TypeError: Cannot read properties of undefined (reading 'call')
    at __webpack_require__ (/home/izzetyasin/Desktop/Geliştirme/panodasehir/postit_wall/nextjs_space/.next/server/webpack-runtime.js:33:43)
    at eval (webpack-internal:///(rsc)/./node_modules/next/dist/build/webpack/loaders/next-app-loader.js?name=app%2Fapi%2Fauth%2F%5B...nextauth%5D%2Froute&page=%2Fapi%2Fauth%2F%5B...nextauth%5D%2Froute&appPaths=&pagePath=private-next-app-dir%2Fapi%2Fauth%2F%5B...nextauth%5D%2Froute.ts&appDir=%2Fhome%2Fizzetyasin%2FDesktop%2FGeli%C5%9Ftirme%2Fpanodasehir%2Fpostit_wall%2Fnextjs_space%2Fapp&pageExtensions=tsx&pageExtensions=ts&pageExtensions=jsx&pageExtensions=js&rootDir=%2Fhome%2Fizzetyasin%2FDesktop%2FGeli%C5%9Ftirme%2Fpanodasehir%2Fpostit_wall%2Fnextjs_space&isDev=true&tsconfigPath=tsconfig.json&basePath=&assetPrefix=&nextConfigOutput=&preferredRegion=&middlewareConfig=e30%3D!:10:121)
    at (rsc)/./node_modules/next/dist/build/webpack/loaders/next-app-loader.js?name=app%2Fapi%2Fauth%2F%5B...nextauth%5D%2Froute&page=%2Fapi%2Fauth%2F%5B...nextauth%5D%2Froute&appPaths=&pagePath=private-next-app-dir%2Fapi%2Fauth%2F%5B...nextauth%5D%2Froute.ts&appDir=%2Fhome%2Fizzetyasin%2FDesktop%2FGeli%C5%9Ftirme%2Fpanodasehir%2Fpostit_wall%2Fnextjs_space%2Fapp&pageExtensions=tsx&pageExtensions=ts&pageExtensions=jsx&pageExtensions=js&rootDir=%2Fhome%2Fizzetyasin%2FDesktop%2FGeli%C5%9Ftirme%2Fpanodasehir%2Fpostit_wall%2Fnextjs_space&isDev=true&tsconfigPath=tsconfig.json&basePath=&assetPrefix=&nextConfigOutput=&preferredRegion=&middlewareConfig=e30%3D! (/home/izzetyasin/Desktop/Geliştirme/panodasehir/postit_wall/nextjs_space/.next/server/app/api/auth/[...nextauth]/route.js:182:1)
    at __webpack_require__ (/home/izzetyasin/Desktop/Geliştirme/panodasehir/postit_wall/nextjs_space/.next/server/webpack-runtime.js:33:43)
    at __webpack_exec__ (/home/izzetyasin/Desktop/Geliştirme/panodasehir/postit_wall/nextjs_space/.next/server/app/api/auth/[...nextauth]/route.js:222:39)
    at /home/izzetyasin/Desktop/Geliştirme/panodasehir/postit_wall/nextjs_space/.next/server/app/api/auth/[...nextauth]/route.js:223:474
    at __webpack_require__.X (/home/izzetyasin/Desktop/Geliştirme/panodasehir/postit_wall/nextjs_space/.next/server/webpack-runtime.js:168:21)
    at /home/izzetyasin/Desktop/Geliştirme/panodasehir/postit_wall/nextjs_space/.next/server/app/api/auth/[...nextauth]/route.js:223:47
    at Object.<anonymous> (/home/izzetyasin/Desktop/Geliştirme/panodasehir/postit_wall/nextjs_space/.next/server/app/api/auth/[...nextauth]/route.js:226:3)
    at Module._compile (node:internal/modules/cjs/loader:1565:14) {
  type: 'TypeError',
  page: '/api/auth/session'
}
Could not find files for /_error in .next/build-manifest.json
Could not find files for /_error in .next/build-manifest.json
 GET /api/auth/session 500 in 1207ms
Could not find files for /_error in .next/build-manifest.json
Could not find files for /_error in .next/build-manifest.json
Could not find files for /_error in .next/build-manifest.json
Could not find files for /_error in .next/build-manifest.json
 GET /api/auth/session 404 in 125ms
 POST /api/auth/_log 404 in 107ms
Could not find files for /_error in .next/build-manifest.json
Could not find files for /_error in .next/build-manifest.json
 POST /api/auth/_log 404 in 37ms
 ✓ Compiled in 2.8s (2469 modules)
 ✓ Compiled in 0ms (1294 modules)
 ✓ Compiled in 1ms (1294 modules)
 ✓ Compiled in 1ms (1294 modules)
 ⚠ Fast Refresh had to perform a full reload. Read more: https://nextjs.org/docs/messages/fast-refresh-reload
 GET /_next/static/webpack/2444d29da8364091.webpack.hot-update.json 404 in 2161ms
 GET /?category=cmmhv4m76000dw8z0uyxrcpjh&_rsc=7jewi 200 in 1742ms
 GET /?category=cmmhv4m76000dw8z0uyxrcpjh 200 in 811ms
 GET /api/settings 200 in 89ms
 GET /api/categories 200 in 98ms
 GET /api/settings 200 in 157ms
 GET /api/categories 200 in 176ms
 GET /api/settings 200 in 58ms
 GET /api/settings 200 in 66ms
 GET /api/auth/session 200 in 1079ms
 GET /api/auth/session 200 in 83ms
 ✓ Compiled in 2.8s (2469 modules)
 GET /?category=cmmhv4m76000dw8z0uyxrcpjh&_rsc=7jewi 200 in 85ms
 ✓ Compiled in 820ms (1175 modules)
 GET /?category=cmmhv4m76000dw8z0uyxrcpjh&_rsc=7jewi 200 in 73ms
 ✓ Compiled in 813ms (1175 modules)
 GET /?category=cmmhv4m76000dw8z0uyxrcpjh&_rsc=7jewi 200 in 199ms
<w> [webpack.cache.PackFileCacheStrategy] Caching failed for pack: Error: ENOENT: no such file or directory, rename '/home/izzetyasin/Desktop/Geliştirme/panodasehir/postit_wall/nextjs_space/.next/cache/webpack/client-development/1.pack.gz_' -> '/home/izzetyasin/Desktop/Geliştirme/panodasehir/postit_wall/nextjs_space/.next/cache/webpack/client-development/1.pack.gz'
 GET / 200 in 369ms
 GET /api/settings 200 in 62ms
 GET /api/categories 200 in 69ms
 GET /api/auth/session 200 in 103ms
 GET /api/settings 200 in 128ms
 GET /api/categories 200 in 140ms
 GET /api/auth/session 200 in 68ms
 GET /api/settings 200 in 29ms
 GET /api/settings 200 in 18ms
 GET /api/auth/providers 200 in 52ms
 GET /api/auth/csrf 200 in 15ms
 POST /api/auth/callback/credentials 200 in 129ms
 GET /api/auth/session 200 in 13ms
 GET /api/categories 200 in 31ms
 GET /api/categories 200 in 33ms
 GET /admin 404 in 419ms
 GET /admin 404 in 419ms
 GET /admin 404 in 418ms
 GET /admin 404 in 415ms
 GET /admin 404 in 417ms
 GET /admin 404 in 419ms
 GET /admin 404 in 430ms
 GET /admin 404 in 415ms
 GET /admin 404 in 417ms
 GET /admin 404 in 418ms
 GET /admin 404 in 416ms
 GET /admin 404 in 419ms
 ⨯ TypeError: Cannot read properties of undefined (reading 'clientModules')
    at /home/izzetyasin/Desktop/Geliştirme/panodasehir/postit_wall/nextjs_space/node_modules/next/dist/compiled/next-server/app-page.runtime.dev.js:39:25703
    at /home/izzetyasin/Desktop/Geliştirme/panodasehir/postit_wall/nextjs_space/node_modules/next/dist/server/lib/trace/tracer.js:191:62
    at /home/izzetyasin/Desktop/Geliştirme/panodasehir/postit_wall/nextjs_space/node_modules/next/dist/server/lib/trace/tracer.js:140:36
    at NoopContextManager.with (/home/izzetyasin/Desktop/Geliştirme/panodasehir/postit_wall/nextjs_space/node_modules/next/dist/compiled/@opentelemetry/api/index.js:1:7062)
    at ContextAPI.with (/home/izzetyasin/Desktop/Geliştirme/panodasehir/postit_wall/nextjs_space/node_modules/next/dist/compiled/@opentelemetry/api/index.js:1:518)
    at NoopTracer.startActiveSpan (/home/izzetyasin/Desktop/Geliştirme/panodasehir/postit_wall/nextjs_space/node_modules/next/dist/compiled/@opentelemetry/api/index.js:1:18093)
    at ProxyTracer.startActiveSpan (/home/izzetyasin/Desktop/Geliştirme/panodasehir/postit_wall/nextjs_space/node_modules/next/dist/compiled/@opentelemetry/api/index.js:1:18854)
    at /home/izzetyasin/Desktop/Geliştirme/panodasehir/postit_wall/nextjs_space/node_modules/next/dist/server/lib/trace/tracer.js:122:103
    at NoopContextManager.with (/home/izzetyasin/Desktop/Geliştirme/panodasehir/postit_wall/nextjs_space/node_modules/next/dist/compiled/@opentelemetry/api/index.js:1:7062)
    at ContextAPI.with (/home/izzetyasin/Desktop/Geliştirme/panodasehir/postit_wall/nextjs_space/node_modules/next/dist/compiled/@opentelemetry/api/index.js:1:518)
    at NextTracerImpl.trace (/home/izzetyasin/Desktop/Geliştirme/panodasehir/postit_wall/nextjs_space/node_modules/next/dist/server/lib/trace/tracer.js:122:28)
    at /home/izzetyasin/Desktop/Geliştirme/panodasehir/postit_wall/nextjs_space/node_modules/next/dist/server/lib/trace/tracer.js:191:31
    at r3 (/home/izzetyasin/Desktop/Geliştirme/panodasehir/postit_wall/nextjs_space/node_modules/next/dist/compiled/next-server/app-page.runtime.dev.js:41:1678)
    at async doRender (/home/izzetyasin/Desktop/Geliştirme/panodasehir/postit_wall/nextjs_space/node_modules/next/dist/server/base-server.js:1427:30)
    at async cacheEntry.responseCache.get.routeKind (/home/izzetyasin/Desktop/Geliştirme/panodasehir/postit_wall/nextjs_space/node_modules/next/dist/server/base-server.js:1588:28) {
  page: '/admin'
}
 GET /admin 500 in 255ms
 GET / 200 in 194ms
 GET /api/settings 200 in 41ms
 GET /api/categories 200 in 46ms
 GET /api/auth/session 200 in 81ms
 GET /api/settings 200 in 93ms
 GET /api/categories 200 in 124ms
 GET /api/auth/session 200 in 67ms
 GET /api/settings 200 in 59ms
 GET /api/settings 200 in 22ms
 GET /api/auth/providers 200 in 50ms
 GET /api/auth/csrf 200 in 17ms
 POST /api/auth/callback/credentials 200 in 114ms
 GET /api/auth/session 200 in 14ms
 GET /api/categories 200 in 32ms
 GET /api/categories 200 in 24ms
 GET / 200 in 127ms
 GET /api/settings 200 in 42ms
 GET /api/categories 200 in 51ms
 GET /api/auth/session 200 in 85ms
 GET /api/settings 200 in 113ms
 GET /api/categories 200 in 133ms
 GET /api/auth/session 200 in 72ms
 GET /api/settings 200 in 35ms
 GET /api/settings 200 in 26ms
 GET /api/categories 200 in 54ms
 GET /api/categories 200 in 39ms
 GET / 200 in 115ms
 GET /api/settings 200 in 46ms
 GET /api/categories 200 in 50ms
 GET /api/auth/session 200 in 90ms
 GET /api/settings 200 in 111ms
 GET /api/categories 200 in 134ms
 GET /api/auth/session 200 in 75ms
 GET /api/settings 200 in 57ms
 GET /api/categories 200 in 69ms
 GET /api/settings 200 in 40ms
 GET /api/categories 200 in 29ms
 GET / 200 in 212ms
 GET /api/settings 200 in 43ms
 GET /api/categories 200 in 50ms
 GET /api/auth/session 200 in 88ms
 GET /api/settings 200 in 107ms
 GET /api/auth/session 200 in 71ms
 GET /api/categories 200 in 151ms
 GET /api/settings 200 in 44ms
 GET /api/settings 200 in 23ms
 GET /api/auth/providers 200 in 48ms
 GET /api/auth/csrf 200 in 16ms
 POST /api/auth/callback/credentials 200 in 112ms
 GET /api/auth/session 200 in 12ms
 GET /api/categories 200 in 31ms
 GET /api/categories 200 in 30ms
 ○ Compiling /api/locations ...
 ✓ Compiled /api/locations in 1125ms (1294 modules)
 ✓ Compiled (1303 modules)
[API] Looking for roles with session: izzetyasin@gmail.com
[API] Forbidden access to roles.
 GET /api/roles 403 in 1765ms
 GET /api/categories 200 in 1772ms
 GET /api/sliders 401 in 1774ms
 GET /api/users 200 in 1799ms
 GET /api/postits?includeUnapproved=true 200 in 1796ms
 GET /api/locations 200 in 1816ms
 GET /api/settings 200 in 55ms
 ✓ Compiled /api/calendar-categories in 263ms (1305 modules)
 GET /api/calendar-categories 200 in 618ms
 ✓ Compiled /api/user-groups in 275ms (1307 modules)
 GET /api/user-groups 200 in 319ms
 ✓ Compiled /api/users/[id] in 230ms (1309 modules)
 PATCH /api/users/cmmie5oud0000w8qsmp5imi5r 200 in 622ms
 GET /api/categories 200 in 64ms
 GET /api/users 200 in 70ms
 GET /api/sliders 401 in 72ms
[API] Looking for roles with session: izzetyasin@gmail.com
[API] Forbidden access to roles.
 GET /api/roles 403 in 74ms
 GET /api/settings 200 in 30ms
 GET /api/locations 200 in 126ms
 GET /api/postits?includeUnapproved=true 200 in 129ms
 GET /api/calendar-categories 200 in 51ms
 GET /api/user-groups 200 in 12ms
 GET /api/auth/csrf 200 in 45ms
 POST /api/auth/signout 200 in 10ms
 GET / 200 in 417ms
 GET /api/settings 200 in 38ms
 GET /api/categories 200 in 47ms
 GET /api/auth/session 200 in 78ms
 GET /api/settings 200 in 95ms
 GET /api/categories 200 in 125ms
 GET /api/auth/session 200 in 75ms
 GET /api/settings 200 in 60ms
 GET /api/settings 200 in 17ms
 GET /api/auth/providers 200 in 48ms
 GET /api/auth/csrf 200 in 12ms
 POST /api/auth/callback/credentials 200 in 125ms
 GET /api/auth/session 200 in 13ms
 GET /api/categories 200 in 30ms
 GET /api/categories 200 in 29ms
 ✓ Compiled in 4.8s (2435 modules)
 ✓ Compiled /_not-found in 460ms (1262 modules)
 ⚠ Fast Refresh had to perform a full reload. Read more: https://nextjs.org/docs/messages/fast-refresh-reload
 GET /?_rsc=r3yhw 200 in 1257ms
 GET /_next/static/webpack/dfa5580b17db81da.webpack.hot-update.json 404 in 1257ms
 GET / 200 in 240ms
 ✓ Compiled /api/auth/[...nextauth] in 429ms (1290 modules)
 ✓ Compiled (1294 modules)
 GET /api/settings 200 in 1161ms
 GET /api/auth/session 200 in 1132ms
 GET /api/categories 200 in 1179ms
 GET /api/settings 200 in 99ms
 GET /api/auth/session 200 in 83ms
 GET /api/categories 200 in 91ms
 GET /api/settings 200 in 59ms
 GET /api/settings 200 in 35ms
 GET /api/categories 200 in 76ms
 GET /api/categories 200 in 36ms
 GET /?category=cmmi9ns2p000fw8i5r8cf022t&_rsc=176cs 200 in 102ms
 GET /?category=cmmi9hgrq0009w8i59gfpxacc 200 in 219ms
 GET /api/settings 200 in 177ms
 GET /api/categories 200 in 198ms
 GET /api/auth/session 200 in 178ms
 GET /api/settings 200 in 99ms
 GET /api/categories 200 in 158ms
 GET /api/auth/session 200 in 162ms
 GET /api/settings 200 in 172ms
 GET /api/categories 200 in 183ms
 GET /api/settings 200 in 137ms
 GET /api/categories 200 in 121ms
 GET /?category=cmmi9m7y5000cw8i5fwch41rs 200 in 234ms
 GET /api/settings 200 in 102ms
 GET /api/categories 200 in 189ms
 GET /api/auth/session 200 in 168ms
 GET /api/settings 200 in 101ms
 GET /api/auth/session 200 in 124ms
 GET /api/categories 200 in 151ms
 GET /api/settings 200 in 96ms
 GET /api/categories 200 in 97ms
 GET /api/settings 200 in 73ms
 GET /api/categories 200 in 56ms
 ✓ Compiled in 1225ms (2469 modules)
 GET /?category=cmmi9m7y5000cw8i5fwch41rs&_rsc=6kfba 200 in 214ms
 GET /_next/static/webpack/3669d169409854ac.webpack.hot-update.json 404 in 370ms
 ⚠ Fast Refresh had to perform a full reload. Read more: https://nextjs.org/docs/messages/fast-refresh-reload
 GET /?category=cmmi9m7y5000cw8i5fwch41rs 200 in 321ms
 GET /api/settings 200 in 412ms
 GET /api/categories 200 in 439ms
 GET /api/auth/session 200 in 416ms
 GET /api/settings 200 in 180ms
 GET /api/auth/session 200 in 143ms
 GET /api/categories 200 in 204ms
 GET /api/settings 200 in 75ms
 GET /api/categories 200 in 115ms
 GET /api/settings 200 in 98ms
 GET /api/categories 200 in 62ms
 ✓ Compiled /api/locations in 351ms (1296 modules)
 ✓ Compiled (1305 modules)
 GET /api/categories 200 in 685ms
 GET /api/users 403 in 723ms
[API] Looking for roles with session: ege@ege.com
[API] Forbidden access to roles.
 GET /api/roles 403 in 719ms
 GET /api/sliders 401 in 721ms
 GET /api/postits?includeUnapproved=true 200 in 732ms
 GET /api/settings 200 in 60ms
 GET /api/locations 200 in 762ms
 ✓ Compiled /api/calendar-categories in 436ms (1307 modules)
 GET /api/calendar-categories 200 in 476ms
 ✓ Compiled /api/user-groups in 315ms (1309 modules)
 GET /api/user-groups 403 in 355ms
 GET /admin 200 in 157ms
 GET /api/settings 200 in 52ms
 GET /api/categories 200 in 65ms
 GET /api/auth/session 200 in 90ms
 GET /api/settings 200 in 123ms
 GET /api/categories 200 in 104ms
 GET /api/auth/session 200 in 108ms
 GET /api/users 403 in 115ms
[API] Looking for roles with session: ege@ege.com
[API] Forbidden access to roles.
 GET /api/roles 403 in 135ms
 GET /api/postits?includeUnapproved=true 200 in 148ms
 GET /api/sliders 401 in 124ms
 GET /api/calendar-categories 200 in 104ms
 GET /api/settings 200 in 78ms
 GET /api/locations 200 in 153ms
 GET /api/categories 200 in 87ms
 GET /api/settings 200 in 40ms
 GET /api/categories 200 in 37ms
 GET /api/settings 200 in 30ms
 GET /api/categories 200 in 32ms
 GET /api/user-groups 403 in 21ms
 GET /?preview=1 200 in 168ms
 GET /api/settings 200 in 45ms
 GET /api/categories 200 in 54ms
 GET /api/auth/session 200 in 87ms
 GET /api/settings 200 in 90ms
 GET /api/categories 200 in 112ms
 GET /api/auth/session 200 in 61ms
 GET /api/settings 200 in 58ms
 GET /api/settings 200 in 51ms
 GET /api/auth/session 200 in 42ms
 GET /api/categories 200 in 73ms
 GET /api/categories 200 in 44ms
 ○ Compiling /_not-found ...
 ✓ Compiled /_not-found in 5.8s (2435 modules)
 ✓ Compiled in 1ms (1262 modules)
 ⚠ Fast Refresh had to perform a full reload. Read more: https://nextjs.org/docs/messages/fast-refresh-reload
 GET /_next/static/webpack/3b5adb811866842c.webpack.hot-update.json 404 in 2279ms
 GET /admin 200 in 156ms
 ✓ Compiled /api/auth/[...nextauth] in 298ms (1290 modules)
 ✓ Compiled (1294 modules)
 GET /api/settings 200 in 1092ms
 GET /api/auth/session 200 in 1089ms
 GET /api/categories 200 in 1119ms
 GET /api/settings 200 in 93ms
 GET /api/categories 200 in 131ms
 GET /api/auth/session 200 in 150ms
 ✓ Compiled /api/calendar-categories in 395ms (1296 modules)
 ✓ Compiled (1307 modules)
[API] Looking for roles with session: ege@ege.com
[API] Forbidden access to roles.
 GET /api/roles 403 in 896ms
 GET /api/calendar-categories 200 in 778ms
 GET /api/sliders 401 in 858ms
 GET /api/users 403 in 917ms
 GET /api/postits?includeUnapproved=true 200 in 922ms
 GET /api/locations 200 in 862ms
 GET /api/settings 200 in 52ms
 GET /api/categories 200 in 64ms
 GET /api/settings 200 in 29ms
 GET /api/categories 200 in 38ms
 GET /api/settings 200 in 22ms
 GET /api/categories 200 in 31ms
 ✓ Compiled /api/user-groups in 348ms (1309 modules)
 GET /api/user-groups 403 in 410ms
 ✓ Compiled in 1425ms (2484 modules)
 ✓ Compiled in 978ms (1175 modules)
 ✓ Compiled in 719ms (1175 modules)
 GET /admin 404 in 235ms
 GET /admin 404 in 239ms
 GET /admin 404 in 221ms
 GET /admin 404 in 219ms
 GET /admin 404 in 218ms
 GET /admin 404 in 220ms
 GET /admin 404 in 219ms
 GET /admin 404 in 218ms
 GET /admin 404 in 237ms
 GET /admin 404 in 230ms
 GET /admin 404 in 225ms
 GET /admin 200 in 291ms
 GET / 404 in 442ms
 GET / 404 in 432ms
 GET / 404 in 419ms
 GET / 404 in 420ms
 GET / 404 in 419ms
 GET / 404 in 420ms
 GET / 404 in 417ms
 ⨯ TypeError: Cannot read properties of undefined (reading 'clientModules')
    at /home/izzetyasin/Desktop/Geliştirme/panodasehir/postit_wall/nextjs_space/node_modules/next/dist/compiled/next-server/app-page.runtime.dev.js:39:25703
    at /home/izzetyasin/Desktop/Geliştirme/panodasehir/postit_wall/nextjs_space/node_modules/next/dist/server/lib/trace/tracer.js:191:62
    at /home/izzetyasin/Desktop/Geliştirme/panodasehir/postit_wall/nextjs_space/node_modules/next/dist/server/lib/trace/tracer.js:140:36
    at NoopContextManager.with (/home/izzetyasin/Desktop/Geliştirme/panodasehir/postit_wall/nextjs_space/node_modules/next/dist/compiled/@opentelemetry/api/index.js:1:7062)
    at ContextAPI.with (/home/izzetyasin/Desktop/Geliştirme/panodasehir/postit_wall/nextjs_space/node_modules/next/dist/compiled/@opentelemetry/api/index.js:1:518)
    at NoopTracer.startActiveSpan (/home/izzetyasin/Desktop/Geliştirme/panodasehir/postit_wall/nextjs_space/node_modules/next/dist/compiled/@opentelemetry/api/index.js:1:18093)
    at ProxyTracer.startActiveSpan (/home/izzetyasin/Desktop/Geliştirme/panodasehir/postit_wall/nextjs_space/node_modules/next/dist/compiled/@opentelemetry/api/index.js:1:18854)
    at /home/izzetyasin/Desktop/Geliştirme/panodasehir/postit_wall/nextjs_space/node_modules/next/dist/server/lib/trace/tracer.js:122:103
    at NoopContextManager.with (/home/izzetyasin/Desktop/Geliştirme/panodasehir/postit_wall/nextjs_space/node_modules/next/dist/compiled/@opentelemetry/api/index.js:1:7062)
    at ContextAPI.with (/home/izzetyasin/Desktop/Geliştirme/panodasehir/postit_wall/nextjs_space/node_modules/next/dist/compiled/@opentelemetry/api/index.js:1:518)
    at NextTracerImpl.trace (/home/izzetyasin/Desktop/Geliştirme/panodasehir/postit_wall/nextjs_space/node_modules/next/dist/server/lib/trace/tracer.js:122:28)
    at /home/izzetyasin/Desktop/Geliştirme/panodasehir/postit_wall/nextjs_space/node_modules/next/dist/server/lib/trace/tracer.js:191:31
    at r3 (/home/izzetyasin/Desktop/Geliştirme/panodasehir/postit_wall/nextjs_space/node_modules/next/dist/compiled/next-server/app-page.runtime.dev.js:41:1678)
    at async doRender (/home/izzetyasin/Desktop/Geliştirme/panodasehir/postit_wall/nextjs_space/node_modules/next/dist/server/base-server.js:1427:30)
    at async cacheEntry.responseCache.get.routeKind (/home/izzetyasin/Desktop/Geliştirme/panodasehir/postit_wall/nextjs_space/node_modules/next/dist/server/base-server.js:1588:28) {
  page: '/'
}
 GET / 500 in 233ms
 GET / 200 in 284ms
 ✓ Compiled in 4.2s (2435 modules)
 ✓ Compiled in 1053ms (1175 modules)
<w> [webpack.cache.PackFileCacheStrategy] Restoring pack from /home/izzetyasin/Desktop/Geliştirme/panodasehir/postit_wall/nextjs_space/.next/cache/webpack/server-development.pack.gz failed: TypeError: Cannot read properties of undefined (reading 'hasStartTime')
 ✓ Compiled in 4.6s (2435 modules)
 ✓ Compiled in 3.6s (2435 modules)
 GET / 200 in 473ms
 ○ Compiling /api/auth/[...nextauth] ...
 ✓ Compiled /api/auth/[...nextauth] in 1051ms (1288 modules)
 ✓ Compiled in 0ms (1292 modules)
 ✓ Compiled in 0ms (1292 modules)
 ✓ Compiled in 1ms (1292 modules)
 GET /api/categories 200 in 2218ms
 ✓ Compiled in 0ms (1292 modules)
 GET /api/auth/session 200 in 2503ms
 GET /api/settings 200 in 2557ms
 GET /?_rsc=r3yhw 200 in 1512ms
 ✓ Compiled in 0ms (1292 modules)
 ✓ Compiled in 0ms (1292 modules)
 ✓ Compiled in 0ms (1292 modules)
 GET /api/categories 200 in 1511ms
 GET /api/auth/session 200 in 1450ms
 GET /api/settings 200 in 1460ms
 GET /api/settings 200 in 20ms
 GET /api/settings 200 in 48ms
 ⨯ TypeError: Cannot read properties of undefined (reading 'entryCSSFiles')
    at rT (/home/izzetyasin/Desktop/Geliştirme/panodasehir/postit_wall/nextjs_space/node_modules/next/dist/compiled/next-server/app-page.runtime.dev.js:39:3772)
    at rW (/home/izzetyasin/Desktop/Geliştirme/panodasehir/postit_wall/nextjs_space/node_modules/next/dist/compiled/next-server/app-page.runtime.dev.js:39:12966)
    at r0 (/home/izzetyasin/Desktop/Geliştirme/panodasehir/postit_wall/nextjs_space/node_modules/next/dist/compiled/next-server/app-page.runtime.dev.js:39:16204)
    at r3 (/home/izzetyasin/Desktop/Geliştirme/panodasehir/postit_wall/nextjs_space/node_modules/next/dist/compiled/next-server/app-page.runtime.dev.js:39:23911)
    at /home/izzetyasin/Desktop/Geliştirme/panodasehir/postit_wall/nextjs_space/node_modules/next/dist/compiled/next-server/app-page.runtime.dev.js:42:726
    at AsyncLocalStorage.run (node:internal/async_local_storage/async_hooks:91:14)
    at Object.wrap (/home/izzetyasin/Desktop/Geliştirme/panodasehir/postit_wall/nextjs_space/node_modules/next/dist/compiled/next-server/app-page.runtime.dev.js:36:17827)
    at /home/izzetyasin/Desktop/Geliştirme/panodasehir/postit_wall/nextjs_space/node_modules/next/dist/compiled/next-server/app-page.runtime.dev.js:42:616
    at AsyncLocalStorage.run (node:internal/async_local_storage/async_hooks:91:14)
    at Object.wrap (/home/izzetyasin/Desktop/Geliştirme/panodasehir/postit_wall/nextjs_space/node_modules/next/dist/compiled/next-server/app-page.runtime.dev.js:36:16929)
    at r8 (/home/izzetyasin/Desktop/Geliştirme/panodasehir/postit_wall/nextjs_space/node_modules/next/dist/compiled/next-server/app-page.runtime.dev.js:42:543)
    at nh.render (/home/izzetyasin/Desktop/Geliştirme/panodasehir/postit_wall/nextjs_space/node_modules/next/dist/compiled/next-server/app-page.runtime.dev.js:42:4699)
    at doRender (/home/izzetyasin/Desktop/Geliştirme/panodasehir/postit_wall/nextjs_space/node_modules/next/dist/server/base-server.js:1427:44)
    at cacheEntry.responseCache.get.routeKind (/home/izzetyasin/Desktop/Geliştirme/panodasehir/postit_wall/nextjs_space/node_modules/next/dist/server/base-server.js:1588:34)
    at ResponseCache.get (/home/izzetyasin/Desktop/Geliştirme/panodasehir/postit_wall/nextjs_space/node_modules/next/dist/server/response-cache/index.js:49:26)
    at DevServer.renderToResponseWithComponentsImpl (/home/izzetyasin/Desktop/Geliştirme/panodasehir/postit_wall/nextjs_space/node_modules/next/dist/server/base-server.js:1496:53)
    at /home/izzetyasin/Desktop/Geliştirme/panodasehir/postit_wall/nextjs_space/node_modules/next/dist/server/base-server.js:1014:121
    at NextTracerImpl.trace (/home/izzetyasin/Desktop/Geliştirme/panodasehir/postit_wall/nextjs_space/node_modules/next/dist/server/lib/trace/tracer.js:105:20)
    at DevServer.renderToResponseWithComponents (/home/izzetyasin/Desktop/Geliştirme/panodasehir/postit_wall/nextjs_space/node_modules/next/dist/server/base-server.js:1014:41)
    at DevServer.renderPageComponent (/home/izzetyasin/Desktop/Geliştirme/panodasehir/postit_wall/nextjs_space/node_modules/next/dist/server/base-server.js:1924:35)
    at async DevServer.renderToResponseImpl (/home/izzetyasin/Desktop/Geliştirme/panodasehir/postit_wall/nextjs_space/node_modules/next/dist/server/base-server.js:1962:32)
    at async DevServer.pipeImpl (/home/izzetyasin/Desktop/Geliştirme/panodasehir/postit_wall/nextjs_space/node_modules/next/dist/server/base-server.js:922:25)
    at async NextNodeServer.handleCatchallRenderRequest (/home/izzetyasin/Desktop/Geliştirme/panodasehir/postit_wall/nextjs_space/node_modules/next/dist/server/next-server.js:272:17)
    at async DevServer.handleRequestImpl (/home/izzetyasin/Desktop/Geliştirme/panodasehir/postit_wall/nextjs_space/node_modules/next/dist/server/base-server.js:818:17)
    at async /home/izzetyasin/Desktop/Geliştirme/panodasehir/postit_wall/nextjs_space/node_modules/next/dist/server/dev/next-dev-server.js:339:20
    at async Span.traceAsyncFn (/home/izzetyasin/Desktop/Geliştirme/panodasehir/postit_wall/nextjs_space/node_modules/next/dist/trace/trace.js:154:20)
    at async DevServer.handleRequest (/home/izzetyasin/Desktop/Geliştirme/panodasehir/postit_wall/nextjs_space/node_modules/next/dist/server/dev/next-dev-server.js:336:24)
    at async invokeRender (/home/izzetyasin/Desktop/Geliştirme/panodasehir/postit_wall/nextjs_space/node_modules/next/dist/server/lib/router-server.js:178:21)
    at async handleRequest (/home/izzetyasin/Desktop/Geliştirme/panodasehir/postit_wall/nextjs_space/node_modules/next/dist/server/lib/router-server.js:355:24)
    at async requestHandlerImpl (/home/izzetyasin/Desktop/Geliştirme/panodasehir/postit_wall/nextjs_space/node_modules/next/dist/server/lib/router-server.js:379:13)
    at async Server.requestListener (/home/izzetyasin/Desktop/Geliştirme/panodasehir/postit_wall/nextjs_space/node_modules/next/dist/server/lib/start-server.js:141:13) {
  page: '/login'
}
 ⨯ TypeError: Cannot read properties of undefined (reading 'clientModules')
    at /home/izzetyasin/Desktop/Geliştirme/panodasehir/postit_wall/nextjs_space/node_modules/next/dist/compiled/next-server/app-page.runtime.dev.js:39:25703
    at /home/izzetyasin/Desktop/Geliştirme/panodasehir/postit_wall/nextjs_space/node_modules/next/dist/server/lib/trace/tracer.js:191:62
    at /home/izzetyasin/Desktop/Geliştirme/panodasehir/postit_wall/nextjs_space/node_modules/next/dist/server/lib/trace/tracer.js:140:36
    at NoopContextManager.with (/home/izzetyasin/Desktop/Geliştirme/panodasehir/postit_wall/nextjs_space/node_modules/next/dist/compiled/@opentelemetry/api/index.js:1:7062)
    at ContextAPI.with (/home/izzetyasin/Desktop/Geliştirme/panodasehir/postit_wall/nextjs_space/node_modules/next/dist/compiled/@opentelemetry/api/index.js:1:518)
    at NoopTracer.startActiveSpan (/home/izzetyasin/Desktop/Geliştirme/panodasehir/postit_wall/nextjs_space/node_modules/next/dist/compiled/@opentelemetry/api/index.js:1:18093)
    at ProxyTracer.startActiveSpan (/home/izzetyasin/Desktop/Geliştirme/panodasehir/postit_wall/nextjs_space/node_modules/next/dist/compiled/@opentelemetry/api/index.js:1:18854)
    at /home/izzetyasin/Desktop/Geliştirme/panodasehir/postit_wall/nextjs_space/node_modules/next/dist/server/lib/trace/tracer.js:122:103
    at NoopContextManager.with (/home/izzetyasin/Desktop/Geliştirme/panodasehir/postit_wall/nextjs_space/node_modules/next/dist/compiled/@opentelemetry/api/index.js:1:7062)
    at ContextAPI.with (/home/izzetyasin/Desktop/Geliştirme/panodasehir/postit_wall/nextjs_space/node_modules/next/dist/compiled/@opentelemetry/api/index.js:1:518)
    at NextTracerImpl.trace (/home/izzetyasin/Desktop/Geliştirme/panodasehir/postit_wall/nextjs_space/node_modules/next/dist/server/lib/trace/tracer.js:122:28)
    at /home/izzetyasin/Desktop/Geliştirme/panodasehir/postit_wall/nextjs_space/node_modules/next/dist/server/lib/trace/tracer.js:191:31
    at r3 (/home/izzetyasin/Desktop/Geliştirme/panodasehir/postit_wall/nextjs_space/node_modules/next/dist/compiled/next-server/app-page.runtime.dev.js:41:1678)
    at async doRender (/home/izzetyasin/Desktop/Geliştirme/panodasehir/postit_wall/nextjs_space/node_modules/next/dist/server/base-server.js:1427:30)
    at async cacheEntry.responseCache.get.routeKind (/home/izzetyasin/Desktop/Geliştirme/panodasehir/postit_wall/nextjs_space/node_modules/next/dist/server/base-server.js:1588:28) {
  page: '/login'
}
 GET /login 500 in 223ms
 ⨯ TypeError: Cannot read properties of undefined (reading 'clientModules')
    at /home/izzetyasin/Desktop/Geliştirme/panodasehir/postit_wall/nextjs_space/node_modules/next/dist/compiled/next-server/app-page.runtime.dev.js:39:25703
    at /home/izzetyasin/Desktop/Geliştirme/panodasehir/postit_wall/nextjs_space/node_modules/next/dist/server/lib/trace/tracer.js:191:62
    at /home/izzetyasin/Desktop/Geliştirme/panodasehir/postit_wall/nextjs_space/node_modules/next/dist/server/lib/trace/tracer.js:140:36
    at NoopContextManager.with (/home/izzetyasin/Desktop/Geliştirme/panodasehir/postit_wall/nextjs_space/node_modules/next/dist/compiled/@opentelemetry/api/index.js:1:7062)
    at ContextAPI.with (/home/izzetyasin/Desktop/Geliştirme/panodasehir/postit_wall/nextjs_space/node_modules/next/dist/compiled/@opentelemetry/api/index.js:1:518)
    at NoopTracer.startActiveSpan (/home/izzetyasin/Desktop/Geliştirme/panodasehir/postit_wall/nextjs_space/node_modules/next/dist/compiled/@opentelemetry/api/index.js:1:18093)
    at ProxyTracer.startActiveSpan (/home/izzetyasin/Desktop/Geliştirme/panodasehir/postit_wall/nextjs_space/node_modules/next/dist/compiled/@opentelemetry/api/index.js:1:18854)
    at /home/izzetyasin/Desktop/Geliştirme/panodasehir/postit_wall/nextjs_space/node_modules/next/dist/server/lib/trace/tracer.js:122:103
    at NoopContextManager.with (/home/izzetyasin/Desktop/Geliştirme/panodasehir/postit_wall/nextjs_space/node_modules/next/dist/compiled/@opentelemetry/api/index.js:1:7062)
    at ContextAPI.with (/home/izzetyasin/Desktop/Geliştirme/panodasehir/postit_wall/nextjs_space/node_modules/next/dist/compiled/@opentelemetry/api/index.js:1:518)
    at NextTracerImpl.trace (/home/izzetyasin/Desktop/Geliştirme/panodasehir/postit_wall/nextjs_space/node_modules/next/dist/server/lib/trace/tracer.js:122:28)
    at /home/izzetyasin/Desktop/Geliştirme/panodasehir/postit_wall/nextjs_space/node_modules/next/dist/server/lib/trace/tracer.js:191:31
    at r3 (/home/izzetyasin/Desktop/Geliştirme/panodasehir/postit_wall/nextjs_space/node_modules/next/dist/compiled/next-server/app-page.runtime.dev.js:41:1678)
    at async doRender (/home/izzetyasin/Desktop/Geliştirme/panodasehir/postit_wall/nextjs_space/node_modules/next/dist/server/base-server.js:1427:30)
    at async cacheEntry.responseCache.get.routeKind (/home/izzetyasin/Desktop/Geliştirme/panodasehir/postit_wall/nextjs_space/node_modules/next/dist/server/base-server.js:1588:28) {
  page: '/login'
}
 GET /login 500 in 221ms
 ⨯ TypeError: Cannot read properties of undefined (reading 'clientModules')
    at /home/izzetyasin/Desktop/Geliştirme/panodasehir/postit_wall/nextjs_space/node_modules/next/dist/compiled/next-server/app-page.runtime.dev.js:39:25703
    at /home/izzetyasin/Desktop/Geliştirme/panodasehir/postit_wall/nextjs_space/node_modules/next/dist/server/lib/trace/tracer.js:191:62
    at /home/izzetyasin/Desktop/Geliştirme/panodasehir/postit_wall/nextjs_space/node_modules/next/dist/server/lib/trace/tracer.js:140:36
    at NoopContextManager.with (/home/izzetyasin/Desktop/Geliştirme/panodasehir/postit_wall/nextjs_space/node_modules/next/dist/compiled/@opentelemetry/api/index.js:1:7062)
    at ContextAPI.with (/home/izzetyasin/Desktop/Geliştirme/panodasehir/postit_wall/nextjs_space/node_modules/next/dist/compiled/@opentelemetry/api/index.js:1:518)
    at NoopTracer.startActiveSpan (/home/izzetyasin/Desktop/Geliştirme/panodasehir/postit_wall/nextjs_space/node_modules/next/dist/compiled/@opentelemetry/api/index.js:1:18093)
    at ProxyTracer.startActiveSpan (/home/izzetyasin/Desktop/Geliştirme/panodasehir/postit_wall/nextjs_space/node_modules/next/dist/compiled/@opentelemetry/api/index.js:1:18854)
    at /home/izzetyasin/Desktop/Geliştirme/panodasehir/postit_wall/nextjs_space/node_modules/next/dist/server/lib/trace/tracer.js:122:103
    at NoopContextManager.with (/home/izzetyasin/Desktop/Geliştirme/panodasehir/postit_wall/nextjs_space/node_modules/next/dist/compiled/@opentelemetry/api/index.js:1:7062)
    at ContextAPI.with (/home/izzetyasin/Desktop/Geliştirme/panodasehir/postit_wall/nextjs_space/node_modules/next/dist/compiled/@opentelemetry/api/index.js:1:518)
    at NextTracerImpl.trace (/home/izzetyasin/Desktop/Geliştirme/panodasehir/postit_wall/nextjs_space/node_modules/next/dist/server/lib/trace/tracer.js:122:28)
    at /home/izzetyasin/Desktop/Geliştirme/panodasehir/postit_wall/nextjs_space/node_modules/next/dist/server/lib/trace/tracer.js:191:31
    at r3 (/home/izzetyasin/Desktop/Geliştirme/panodasehir/postit_wall/nextjs_space/node_modules/next/dist/compiled/next-server/app-page.runtime.dev.js:41:1678)
    at async doRender (/home/izzetyasin/Desktop/Geliştirme/panodasehir/postit_wall/nextjs_space/node_modules/next/dist/server/base-server.js:1427:30)
    at async cacheEntry.responseCache.get.routeKind (/home/izzetyasin/Desktop/Geliştirme/panodasehir/postit_wall/nextjs_space/node_modules/next/dist/server/base-server.js:1588:28) {
  page: '/login'
}
 GET /login 500 in 216ms
 ⨯ TypeError: Cannot read properties of undefined (reading 'clientModules')
    at /home/izzetyasin/Desktop/Geliştirme/panodasehir/postit_wall/nextjs_space/node_modules/next/dist/compiled/next-server/app-page.runtime.dev.js:39:25703
    at /home/izzetyasin/Desktop/Geliştirme/panodasehir/postit_wall/nextjs_space/node_modules/next/dist/server/lib/trace/tracer.js:191:62
    at /home/izzetyasin/Desktop/Geliştirme/panodasehir/postit_wall/nextjs_space/node_modules/next/dist/server/lib/trace/tracer.js:140:36
    at NoopContextManager.with (/home/izzetyasin/Desktop/Geliştirme/panodasehir/postit_wall/nextjs_space/node_modules/next/dist/compiled/@opentelemetry/api/index.js:1:7062)
    at ContextAPI.with (/home/izzetyasin/Desktop/Geliştirme/panodasehir/postit_wall/nextjs_space/node_modules/next/dist/compiled/@opentelemetry/api/index.js:1:518)
    at NoopTracer.startActiveSpan (/home/izzetyasin/Desktop/Geliştirme/panodasehir/postit_wall/nextjs_space/node_modules/next/dist/compiled/@opentelemetry/api/index.js:1:18093)
    at ProxyTracer.startActiveSpan (/home/izzetyasin/Desktop/Geliştirme/panodasehir/postit_wall/nextjs_space/node_modules/next/dist/compiled/@opentelemetry/api/index.js:1:18854)
    at /home/izzetyasin/Desktop/Geliştirme/panodasehir/postit_wall/nextjs_space/node_modules/next/dist/server/lib/trace/tracer.js:122:103
    at NoopContextManager.with (/home/izzetyasin/Desktop/Geliştirme/panodasehir/postit_wall/nextjs_space/node_modules/next/dist/compiled/@opentelemetry/api/index.js:1:7062)
    at ContextAPI.with (/home/izzetyasin/Desktop/Geliştirme/panodasehir/postit_wall/nextjs_space/node_modules/next/dist/compiled/@opentelemetry/api/index.js:1:518)
    at NextTracerImpl.trace (/home/izzetyasin/Desktop/Geliştirme/panodasehir/postit_wall/nextjs_space/node_modules/next/dist/server/lib/trace/tracer.js:122:28)
    at /home/izzetyasin/Desktop/Geliştirme/panodasehir/postit_wall/nextjs_space/node_modules/next/dist/server/lib/trace/tracer.js:191:31
    at r3 (/home/izzetyasin/Desktop/Geliştirme/panodasehir/postit_wall/nextjs_space/node_modules/next/dist/compiled/next-server/app-page.runtime.dev.js:41:1678)
    at async doRender (/home/izzetyasin/Desktop/Geliştirme/panodasehir/postit_wall/nextjs_space/node_modules/next/dist/server/base-server.js:1427:30)
    at async cacheEntry.responseCache.get.routeKind (/home/izzetyasin/Desktop/Geliştirme/panodasehir/postit_wall/nextjs_space/node_modules/next/dist/server/base-server.js:1588:28) {
  page: '/login'
}
 GET /login 500 in 217ms
 ⨯ TypeError: Cannot read properties of undefined (reading 'clientModules')
    at /home/izzetyasin/Desktop/Geliştirme/panodasehir/postit_wall/nextjs_space/node_modules/next/dist/compiled/next-server/app-page.runtime.dev.js:39:25703
    at /home/izzetyasin/Desktop/Geliştirme/panodasehir/postit_wall/nextjs_space/node_modules/next/dist/server/lib/trace/tracer.js:191:62
    at /home/izzetyasin/Desktop/Geliştirme/panodasehir/postit_wall/nextjs_space/node_modules/next/dist/server/lib/trace/tracer.js:140:36
    at NoopContextManager.with (/home/izzetyasin/Desktop/Geliştirme/panodasehir/postit_wall/nextjs_space/node_modules/next/dist/compiled/@opentelemetry/api/index.js:1:7062)
    at ContextAPI.with (/home/izzetyasin/Desktop/Geliştirme/panodasehir/postit_wall/nextjs_space/node_modules/next/dist/compiled/@opentelemetry/api/index.js:1:518)
    at NoopTracer.startActiveSpan (/home/izzetyasin/Desktop/Geliştirme/panodasehir/postit_wall/nextjs_space/node_modules/next/dist/compiled/@opentelemetry/api/index.js:1:18093)
    at ProxyTracer.startActiveSpan (/home/izzetyasin/Desktop/Geliştirme/panodasehir/postit_wall/nextjs_space/node_modules/next/dist/compiled/@opentelemetry/api/index.js:1:18854)
    at /home/izzetyasin/Desktop/Geliştirme/panodasehir/postit_wall/nextjs_space/node_modules/next/dist/server/lib/trace/tracer.js:122:103
    at NoopContextManager.with (/home/izzetyasin/Desktop/Geliştirme/panodasehir/postit_wall/nextjs_space/node_modules/next/dist/compiled/@opentelemetry/api/index.js:1:7062)
    at ContextAPI.with (/home/izzetyasin/Desktop/Geliştirme/panodasehir/postit_wall/nextjs_space/node_modules/next/dist/compiled/@opentelemetry/api/index.js:1:518)
    at NextTracerImpl.trace (/home/izzetyasin/Desktop/Geliştirme/panodasehir/postit_wall/nextjs_space/node_modules/next/dist/server/lib/trace/tracer.js:122:28)
    at /home/izzetyasin/Desktop/Geliştirme/panodasehir/postit_wall/nextjs_space/node_modules/next/dist/server/lib/trace/tracer.js:191:31
    at r3 (/home/izzetyasin/Desktop/Geliştirme/panodasehir/postit_wall/nextjs_space/node_modules/next/dist/compiled/next-server/app-page.runtime.dev.js:41:1678)
    at async doRender (/home/izzetyasin/Desktop/Geliştirme/panodasehir/postit_wall/nextjs_space/node_modules/next/dist/server/base-server.js:1427:30)
    at async cacheEntry.responseCache.get.routeKind (/home/izzetyasin/Desktop/Geliştirme/panodasehir/postit_wall/nextjs_space/node_modules/next/dist/server/base-server.js:1588:28) {
  page: '/login'
}
 GET /login 500 in 217ms
 ⨯ TypeError: Cannot read properties of undefined (reading 'clientModules')
    at /home/izzetyasin/Desktop/Geliştirme/panodasehir/postit_wall/nextjs_space/node_modules/next/dist/compiled/next-server/app-page.runtime.dev.js:39:25703
    at /home/izzetyasin/Desktop/Geliştirme/panodasehir/postit_wall/nextjs_space/node_modules/next/dist/server/lib/trace/tracer.js:191:62
    at /home/izzetyasin/Desktop/Geliştirme/panodasehir/postit_wall/nextjs_space/node_modules/next/dist/server/lib/trace/tracer.js:140:36
    at NoopContextManager.with (/home/izzetyasin/Desktop/Geliştirme/panodasehir/postit_wall/nextjs_space/node_modules/next/dist/compiled/@opentelemetry/api/index.js:1:7062)
    at ContextAPI.with (/home/izzetyasin/Desktop/Geliştirme/panodasehir/postit_wall/nextjs_space/node_modules/next/dist/compiled/@opentelemetry/api/index.js:1:518)
    at NoopTracer.startActiveSpan (/home/izzetyasin/Desktop/Geliştirme/panodasehir/postit_wall/nextjs_space/node_modules/next/dist/compiled/@opentelemetry/api/index.js:1:18093)
    at ProxyTracer.startActiveSpan (/home/izzetyasin/Desktop/Geliştirme/panodasehir/postit_wall/nextjs_space/node_modules/next/dist/compiled/@opentelemetry/api/index.js:1:18854)
    at /home/izzetyasin/Desktop/Geliştirme/panodasehir/postit_wall/nextjs_space/node_modules/next/dist/server/lib/trace/tracer.js:122:103
    at NoopContextManager.with (/home/izzetyasin/Desktop/Geliştirme/panodasehir/postit_wall/nextjs_space/node_modules/next/dist/compiled/@opentelemetry/api/index.js:1:7062)
    at ContextAPI.with (/home/izzetyasin/Desktop/Geliştirme/panodasehir/postit_wall/nextjs_space/node_modules/next/dist/compiled/@opentelemetry/api/index.js:1:518)
    at NextTracerImpl.trace (/home/izzetyasin/Desktop/Geliştirme/panodasehir/postit_wall/nextjs_space/node_modules/next/dist/server/lib/trace/tracer.js:122:28)
    at /home/izzetyasin/Desktop/Geliştirme/panodasehir/postit_wall/nextjs_space/node_modules/next/dist/server/lib/trace/tracer.js:191:31
    at r3 (/home/izzetyasin/Desktop/Geliştirme/panodasehir/postit_wall/nextjs_space/node_modules/next/dist/compiled/next-server/app-page.runtime.dev.js:41:1678)
    at async doRender (/home/izzetyasin/Desktop/Geliştirme/panodasehir/postit_wall/nextjs_space/node_modules/next/dist/server/base-server.js:1427:30)
    at async cacheEntry.responseCache.get.routeKind (/home/izzetyasin/Desktop/Geliştirme/panodasehir/postit_wall/nextjs_space/node_modules/next/dist/server/base-server.js:1588:28) {
  page: '/login'
}
 GET /login 500 in 215ms
 GET /login 200 in 382ms
<w> [webpack.cache.PackFileCacheStrategy] Caching failed for pack: Error: ENOENT: no such file or directory, lstat '/home/izzetyasin/Desktop/Geliştirme/panodasehir/postit_wall/nextjs_space/.next/server/app/api/users/[id]'
<w> [webpack.cache.PackFileCacheStrategy/webpack.FileSystemInfo] Resolving '../../../../.next/server/app/api/users/[id]/route' in /home/izzetyasin/Desktop/Geliştirme/panodasehir/postit_wall/nextjs_space/node_modules/next/dist/server for build dependencies doesn't lead to expected result '/home/izzetyasin/Desktop/Geliştirme/panodasehir/postit_wall/nextjs_space/.next/server/app/api/users/[id]/route.js', but to 'Error: Can't resolve '../../../../.next/server/app/api/users/[id]/route' in '/home/izzetyasin/Desktop/Geliştirme/panodasehir/postit_wall/nextjs_space/node_modules/next/dist/server'' instead. Resolving dependencies are ignored for this path.
<w>  at resolve commonjs file ../../../../.next/server/app/api/users/[id]/route (expected /home/izzetyasin/Desktop/Geliştirme/panodasehir/postit_wall/nextjs_space/.next/server/app/api/users/[id]/route.js)
<w>  at file dependencies /home/izzetyasin/Desktop/Geliştirme/panodasehir/postit_wall/nextjs_space/node_modules/next/dist/server/require.js
<w>  at file /home/izzetyasin/Desktop/Geliştirme/panodasehir/postit_wall/nextjs_space/node_modules/next/dist/server/require.js
<w>  at file dependencies /home/izzetyasin/Desktop/Geliştirme/panodasehir/postit_wall/nextjs_space/node_modules/next/dist/server/load-components.js
<w>  at file /home/izzetyasin/Desktop/Geliştirme/panodasehir/postit_wall/nextjs_space/node_modules/next/dist/server/load-components.js
<w>  at file dependencies /home/izzetyasin/Desktop/Geliştirme/panodasehir/postit_wall/nextjs_space/node_modules/next/dist/build/utils.js
<w>  at file /home/izzetyasin/Desktop/Geliştirme/panodasehir/postit_wall/nextjs_space/node_modules/next/dist/build/utils.js
<w>  at file dependencies /home/izzetyasin/Desktop/Geliştirme/panodasehir/postit_wall/nextjs_space/node_modules/next/dist/build/webpack/loaders/next-route-loader/index.js
<w>  at file /home/izzetyasin/Desktop/Geliştirme/panodasehir/postit_wall/nextjs_space/node_modules/next/dist/build/webpack/loaders/next-route-loader/index.js
<w>  at resolve commonjs /home/izzetyasin/Desktop/Geliştirme/panodasehir/postit_wall/nextjs_space/node_modules/next/dist/build/webpack/loaders/next-route-loader/index.js
<w> [webpack.cache.PackFileCacheStrategy/webpack.FileSystemInfo] Resolving '../../../../.next/server/app/api/my-postits/route' in /home/izzetyasin/Desktop/Geliştirme/panodasehir/postit_wall/nextjs_space/node_modules/next/dist/server for build dependencies doesn't lead to expected result '/home/izzetyasin/Desktop/Geliştirme/panodasehir/postit_wall/nextjs_space/.next/server/app/api/my-postits/route.js', but to 'Error: Can't resolve '../../../../.next/server/app/api/my-postits/route' in '/home/izzetyasin/Desktop/Geliştirme/panodasehir/postit_wall/nextjs_space/node_modules/next/dist/server'' instead. Resolving dependencies are ignored for this path.
<w>  at resolve commonjs file ../../../../.next/server/app/api/my-postits/route (expected /home/izzetyasin/Desktop/Geliştirme/panodasehir/postit_wall/nextjs_space/.next/server/app/api/my-postits/route.js)
<w>  at file dependencies /home/izzetyasin/Desktop/Geliştirme/panodasehir/postit_wall/nextjs_space/node_modules/next/dist/server/require.js
<w>  at file /home/izzetyasin/Desktop/Geliştirme/panodasehir/postit_wall/nextjs_space/node_modules/next/dist/server/require.js
<w>  at file dependencies /home/izzetyasin/Desktop/Geliştirme/panodasehir/postit_wall/nextjs_space/node_modules/next/dist/server/load-components.js
<w>  at file /home/izzetyasin/Desktop/Geliştirme/panodasehir/postit_wall/nextjs_space/node_modules/next/dist/server/load-components.js
<w>  at file dependencies /home/izzetyasin/Desktop/Geliştirme/panodasehir/postit_wall/nextjs_space/node_modules/next/dist/build/utils.js
<w>  at file /home/izzetyasin/Desktop/Geliştirme/panodasehir/postit_wall/nextjs_space/node_modules/next/dist/build/utils.js
<w>  at file dependencies /home/izzetyasin/Desktop/Geliştirme/panodasehir/postit_wall/nextjs_space/node_modules/next/dist/build/webpack/loaders/next-route-loader/index.js
<w>  at file /home/izzetyasin/Desktop/Geliştirme/panodasehir/postit_wall/nextjs_space/node_modules/next/dist/build/webpack/loaders/next-route-loader/index.js
<w>  at resolve commonjs /home/izzetyasin/Desktop/Geliştirme/panodasehir/postit_wall/nextjs_space/node_modules/next/dist/build/webpack/loaders/next-route-loader/index.js
 GET / 200 in 266ms
 GET /api/settings 200 in 64ms
 GET /api/categories 200 in 70ms
 GET /api/auth/session 200 in 108ms
 GET /api/settings 200 in 138ms
 GET /api/categories 200 in 176ms
 GET /api/auth/session 200 in 97ms
 GET /api/settings 200 in 68ms
 GET /api/settings 200 in 37ms
 GET /api/auth/providers 200 in 54ms
 GET /api/auth/csrf 200 in 19ms
 POST /api/auth/callback/credentials 200 in 133ms
 GET /api/auth/session 200 in 17ms
 GET /api/categories 200 in 34ms
 GET /api/categories 200 in 35ms
 GET /?category=cmmi9hgrq0009w8i59gfpxacc 200 in 113ms
 GET /api/settings 200 in 128ms
 GET /api/categories 200 in 146ms
 GET /api/auth/session 200 in 138ms
 GET /api/settings 200 in 67ms
 GET /api/categories 200 in 93ms
 GET /api/auth/session 200 in 82ms
 GET /api/settings 200 in 62ms
 GET /api/categories 200 in 71ms
 GET /api/settings 200 in 52ms
 GET /api/categories 200 in 52ms
 GET / 200 in 137ms
 GET /api/settings 200 in 99ms
 GET /api/categories 200 in 104ms
 GET /api/auth/session 200 in 91ms
 GET /api/settings 200 in 71ms
 GET /api/auth/session 200 in 77ms
 GET /api/categories 200 in 98ms
 GET /api/settings 200 in 33ms
 GET /api/settings 200 in 33ms
 GET /api/categories 200 in 48ms
 GET /api/categories 200 in 39ms
 GET /?category=cmmhv4m76000dw8z0uyxrcpjh 200 in 75ms
 GET /api/settings 200 in 58ms
 GET /api/categories 200 in 65ms
 GET /api/auth/session 200 in 111ms
 GET /api/settings 200 in 92ms
 GET /api/categories 200 in 118ms
 GET /api/auth/session 200 in 84ms
 GET /api/settings 200 in 70ms
 GET /api/categories 200 in 80ms
 GET /api/settings 200 in 67ms
 GET /api/categories 200 in 44ms
 GET / 200 in 125ms
 GET /api/settings 200 in 59ms
 GET /api/categories 200 in 64ms
 GET /api/auth/session 200 in 110ms
 GET /api/settings 200 in 111ms
 GET /api/categories 200 in 136ms
 GET /api/auth/session 200 in 76ms
 GET /api/settings 200 in 57ms
 GET /api/settings 200 in 63ms
 GET /api/categories 200 in 76ms
 GET /api/categories 200 in 69ms
